Jul  7 03:40:41 praveen-xps kernel: [53659.731095] usb 2-1.3: USB disconnect, device number 12
Jul  7 03:40:41 praveen-xps kernel: [53659.731159] udlfb: USB disconnect starting
Jul  7 03:40:41 praveen-xps kernel: [53659.731161] udlfb: Freeing all render urbs
Jul  7 03:40:41 praveen-xps kernel: [53659.731538] udlfb: fb_info for /dev/fb2 has been freed
Jul  7 03:40:41 praveen-xps kernel: [53659.731633] udlfb: freeing dlfb_data ee28d800
Jul  7 03:40:49 praveen-xps kernel: [53667.922385] usb 2-1.3: new high-speed USB device number 13 using ehci-pci
Jul  7 03:40:49 praveen-xps kernel: [53668.015507] usb 2-1.3: New USB device found, idVendor=18d1, idProduct=4ee2
Jul  7 03:40:49 praveen-xps kernel: [53668.015515] usb 2-1.3: New USB device strings: Mfr=2, Product=3, SerialNumber=4
Jul  7 03:40:49 praveen-xps kernel: [53668.015520] usb 2-1.3: Product: Nexus 10
Jul  7 03:40:49 praveen-xps kernel: [53668.015524] usb 2-1.3: Manufacturer: samsung
Jul  7 03:40:49 praveen-xps kernel: [53668.015527] usb 2-1.3: SerialNumber: R32CB06YPMH
Jul  7 03:40:49 praveen-xps kernel: [53668.016607] BARD : Device attached
Jul  7 03:40:49 praveen-xps kernel: [53668.016612] Product id is: 4ee2 
Jul  7 03:40:49 praveen-xps kernel: [53668.016615] 
Jul  7 03:40:49 praveen-xps kernel: [53668.016615] Accessory-Setup: accessory setup started
Jul  7 03:40:49 praveen-xps kernel: [53668.017924] 
Jul  7 03:40:49 praveen-xps kernel: [53668.017924] Accessory identification sent. Attempting accessory mode.
Jul  7 03:41:01 praveen-xps kernel: [53680.075169] usb 2-1.3: USB disconnect, device number 13
Jul  7 03:41:01 praveen-xps kernel: [53680.077576] bard_disconnect: Dev is null!
Jul  7 03:41:01 praveen-xps kernel: [53680.077582] ADK device /dev/adk-96 now disconnected
Jul  7 03:41:04 praveen-xps kernel: [53682.493842] usb 2-1.3: new high-speed USB device number 14 using ehci-pci
Jul  7 03:41:04 praveen-xps kernel: [53682.586964] usb 2-1.3: New USB device found, idVendor=18d1, idProduct=4ee2
Jul  7 03:41:04 praveen-xps kernel: [53682.586971] usb 2-1.3: New USB device strings: Mfr=2, Product=3, SerialNumber=4
Jul  7 03:41:04 praveen-xps kernel: [53682.586976] usb 2-1.3: Product: Nexus 10
Jul  7 03:41:04 praveen-xps kernel: [53682.586980] usb 2-1.3: Manufacturer: samsung
Jul  7 03:41:04 praveen-xps kernel: [53682.586984] usb 2-1.3: SerialNumber: R32CB06YPMH
Jul  7 03:41:04 praveen-xps kernel: [53682.588227] BARD : Device attached
Jul  7 03:41:04 praveen-xps kernel: [53682.588230] Product id is: 4ee2 
Jul  7 03:41:04 praveen-xps kernel: [53682.588233] 
Jul  7 03:41:04 praveen-xps kernel: [53682.588233] Accessory-Setup: accessory setup started
Jul  7 03:41:04 praveen-xps kernel: [53682.589322] 
Jul  7 03:41:04 praveen-xps kernel: [53682.589322] Accessory identification sent. Attempting accessory mode.
Jul  7 03:41:04 praveen-xps kernel: [53682.621397] bard_disconnect: Dev is null!
Jul  7 03:41:04 praveen-xps kernel: [53682.621403] ADK device /dev/adk-96 now disconnected
Jul  7 03:41:04 praveen-xps kernel: [53682.638170] usb 2-1.3: USB disconnect, device number 14
Jul  7 03:41:04 praveen-xps kernel: [53682.868903] usb 2-1.3: new high-speed USB device number 15 using ehci-pci
Jul  7 03:41:04 praveen-xps kernel: [53682.962021] usb 2-1.3: New USB device found, idVendor=18d1, idProduct=2d01
Jul  7 03:41:04 praveen-xps kernel: [53682.962028] usb 2-1.3: New USB device strings: Mfr=2, Product=3, SerialNumber=4
Jul  7 03:41:04 praveen-xps kernel: [53682.962034] usb 2-1.3: Product: Nexus 10
Jul  7 03:41:04 praveen-xps kernel: [53682.962037] usb 2-1.3: Manufacturer: samsung
Jul  7 03:41:04 praveen-xps kernel: [53682.962041] usb 2-1.3: SerialNumber: R32CB06YPMH
Jul  7 03:41:04 praveen-xps kernel: [53682.962700] udlfb: samsung Nexus 10 - serial #R32CB06YPMH
Jul  7 03:41:04 praveen-xps kernel: [53682.962706] udlfb: vid_18d1&pid_2d01&rev_0226 driver's dlfb_data struct at f14a1800
Jul  7 03:41:04 praveen-xps kernel: [53682.962710] udlfb: console enable=1
Jul  7 03:41:04 praveen-xps kernel: [53682.962713] udlfb: fb_defio enable=1
Jul  7 03:41:04 praveen-xps kernel: [53682.962716] udlfb: shadow enable=1
Jul  7 03:41:04 praveen-xps kernel: [53682.963659] udlfb: vendor descriptor not available (-32)
Jul  7 03:41:04 praveen-xps kernel: [53682.963711] udlfb: allocated 4 65024 byte urbs
Jul  7 03:41:04 praveen-xps kernel: [53682.963827] udlfb: teste	4d
Jul  7 03:41:04 praveen-xps kernel: [53682.963830] udlfb: teste	4d<6>[53682.963839] udlfb: 1024x768 @ 60 Hz valid mode
Jul  7 03:41:04 praveen-xps kernel: [53682.963842] udlfb: 720x400 @ 70 Hz valid mode
Jul  7 03:41:04 praveen-xps kernel: [53682.963845] udlfb: 640x480 @ 60 Hz valid mode
Jul  7 03:41:04 praveen-xps kernel: [53682.963848] udlfb: 800x600 @ 60 Hz valid mode
Jul  7 03:41:04 praveen-xps kernel: [53682.963850] udlfb: 1024x768 @ 60 Hz valid mode
Jul  7 03:41:04 praveen-xps kernel: [53682.963853] udlfb: Reallocating framebuffer. Addresses will change!
Jul  7 03:41:04 praveen-xps kernel: [53682.964371] dlfb_ops_check_var called
Jul  7 03:41:04 praveen-xps kernel: [53682.964377] udlfb: 1024x768 @ 60 Hz valid mode
Jul  7 03:41:04 praveen-xps kernel: [53682.964380] dlfb_ops_set_par called
Jul  7 03:41:04 praveen-xps kernel: [53682.964384] udlfb: set_par mode 1024x768
Jul  7 03:41:04 praveen-xps kernel: [53682.970600] udlfb: DisplayLink USB device /dev/fb2 attached. 1024x768 resolution. Using 3072K framebuffer memory
Jul  7 03:41:19 praveen-xps kernel: [53697.311805] dlfb_ops_open called
Jul  7 03:41:19 praveen-xps kernel: [53697.311814] udlfb: open /dev/fb2 user=1 fb_info=f00f3800 count=1
Jul  7 03:41:19 praveen-xps kernel: [53697.311824] dlfb_ops_release called
Jul  7 03:41:19 praveen-xps kernel: [53697.311854] udlfb: released /dev/fb2 user=1 count=0
Jul  7 03:41:19 praveen-xps kernel: [53697.317074] dlfb_ops_open called
Jul  7 03:41:19 praveen-xps kernel: [53697.317083] udlfb: open /dev/fb2 user=1 fb_info=f00f3800 count=1
Jul  7 03:41:19 praveen-xps kernel: [53697.317100] dlfb_ops_open called
Jul  7 03:41:19 praveen-xps kernel: [53697.317105] udlfb: open /dev/fb2 user=1 fb_info=f00f3800 count=2
Jul  7 03:41:19 praveen-xps kernel: [53697.317112] dlfb_ops_ioctl called
Jul  7 03:41:19 praveen-xps kernel: [53697.344255] dlfb_ops_ioctl called
Jul  7 03:41:19 praveen-xps kernel: [53697.344557] dlfb_ops_ioctl called
Jul  7 03:41:20 praveen-xps kernel: [53698.449877] dlfb_ops_release called
Jul  7 03:41:20 praveen-xps kernel: [53698.449881] udlfb: released /dev/fb2 user=1 count=1
Jul  7 03:41:20 praveen-xps kernel: [53698.449883] dlfb_ops_release called
Jul  7 03:41:20 praveen-xps kernel: [53698.449897] udlfb: released /dev/fb2 user=1 count=0
Jul  7 03:42:19 praveen-xps kernel: [53757.754538] dlfb_ops_open called
Jul  7 03:42:19 praveen-xps kernel: [53757.754543] udlfb: open /dev/fb2 user=1 fb_info=f00f3800 count=1
Jul  7 03:42:19 praveen-xps kernel: [53757.797188] dlfb_ops_release called
Jul  7 03:42:19 praveen-xps kernel: [53757.797214] udlfb: released /dev/fb2 user=1 count=0
Jul  7 03:42:23 praveen-xps kernel: [53761.368925] dlfb_ops_open called
Jul  7 03:42:23 praveen-xps kernel: [53761.368932] udlfb: open /dev/fb2 user=1 fb_info=f00f3800 count=1
Jul  7 03:42:23 praveen-xps kernel: [53761.368937] dlfb_ops_release called
Jul  7 03:42:23 praveen-xps kernel: [53761.368957] udlfb: released /dev/fb2 user=1 count=0
Jul  7 03:42:23 praveen-xps kernel: [53761.369480] dlfb_ops_open called
Jul  7 03:42:23 praveen-xps kernel: [53761.369484] udlfb: open /dev/fb2 user=1 fb_info=f00f3800 count=1
Jul  7 03:42:23 praveen-xps kernel: [53761.369494] dlfb_ops_open called
Jul  7 03:42:23 praveen-xps kernel: [53761.369496] udlfb: open /dev/fb2 user=1 fb_info=f00f3800 count=2
Jul  7 03:42:23 praveen-xps kernel: [53761.369500] dlfb_ops_ioctl called
Jul  7 03:42:23 praveen-xps kernel: [53761.370413] dlfb_ops_ioctl called
Jul  7 03:42:23 praveen-xps kernel: [53761.370804] dlfb_ops_ioctl called
Jul  7 03:42:23 praveen-xps kernel: [53761.717207] dlfb_ops_release called
Jul  7 03:42:23 praveen-xps kernel: [53761.717214] udlfb: released /dev/fb2 user=1 count=1
Jul  7 03:42:23 praveen-xps kernel: [53761.717218] dlfb_ops_release called
Jul  7 03:42:23 praveen-xps kernel: [53761.717246] udlfb: released /dev/fb2 user=1 count=0
Jul  7 03:43:39 praveen-xps kernel: [53836.967790] dlfb_ops_open called
Jul  7 03:43:39 praveen-xps kernel: [53836.967795] udlfb: open /dev/fb2 user=1 fb_info=f00f3800 count=1
Jul  7 03:43:39 praveen-xps kernel: [53836.975290] dlfb_ops_release called
Jul  7 03:43:39 praveen-xps kernel: [53836.975306] udlfb: released /dev/fb2 user=1 count=0
Jul  7 03:43:57 praveen-xps kernel: [53855.158117] dlfb_ops_open called
Jul  7 03:43:57 praveen-xps kernel: [53855.158127] udlfb: open /dev/fb2 user=1 fb_info=f00f3800 count=1
Jul  7 03:43:57 praveen-xps kernel: [53855.158137] dlfb_ops_release called
Jul  7 03:43:57 praveen-xps kernel: [53855.158185] udlfb: released /dev/fb2 user=1 count=0
Jul  7 03:43:57 praveen-xps kernel: [53855.159171] dlfb_ops_open called
Jul  7 03:43:57 praveen-xps kernel: [53855.159178] udlfb: open /dev/fb2 user=1 fb_info=f00f3800 count=1
Jul  7 03:43:57 praveen-xps kernel: [53855.159196] dlfb_ops_open called
Jul  7 03:43:57 praveen-xps kernel: [53855.159200] udlfb: open /dev/fb2 user=1 fb_info=f00f3800 count=2
Jul  7 03:43:57 praveen-xps kernel: [53855.159220] dlfb_ops_ioctl called
Jul  7 03:43:57 praveen-xps kernel: [53855.162375] dlfb_ops_ioctl called
Jul  7 03:43:57 praveen-xps kernel: [53855.163333] dlfb_ops_ioctl called
Jul  7 03:43:57 praveen-xps kernel: [53855.495763] dlfb_ops_release called
Jul  7 03:43:57 praveen-xps kernel: [53855.495770] udlfb: released /dev/fb2 user=1 count=1
Jul  7 03:43:57 praveen-xps kernel: [53855.495774] dlfb_ops_release called
Jul  7 03:43:57 praveen-xps kernel: [53855.495803] udlfb: released /dev/fb2 user=1 count=0
Jul  7 04:05:05 praveen-xps kernel: [55119.704453] dlfb_ops_open called
Jul  7 04:05:05 praveen-xps kernel: [55119.704459] udlfb: open /dev/fb2 user=1 fb_info=f00f3800 count=1
Jul  7 04:05:05 praveen-xps kernel: [55119.704464] dlfb_ops_release called
Jul  7 04:05:05 praveen-xps kernel: [55119.704484] udlfb: released /dev/fb2 user=1 count=0
Jul  7 04:05:05 praveen-xps kernel: [55119.705005] dlfb_ops_open called
Jul  7 04:05:05 praveen-xps kernel: [55119.705008] udlfb: open /dev/fb2 user=1 fb_info=f00f3800 count=1
Jul  7 04:05:05 praveen-xps kernel: [55119.705017] dlfb_ops_open called
Jul  7 04:05:05 praveen-xps kernel: [55119.705019] udlfb: open /dev/fb2 user=1 fb_info=f00f3800 count=2
Jul  7 04:05:05 praveen-xps kernel: [55119.705022] dlfb_ops_ioctl called
Jul  7 04:05:05 praveen-xps kernel: [55119.705982] dlfb_ops_ioctl called
Jul  7 04:05:05 praveen-xps kernel: [55119.706402] dlfb_ops_ioctl called
Jul  7 04:05:05 praveen-xps kernel: [55120.062388] dlfb_ops_release called
Jul  7 04:05:05 praveen-xps kernel: [55120.062395] udlfb: released /dev/fb2 user=1 count=1
Jul  7 04:05:05 praveen-xps kernel: [55120.062399] dlfb_ops_release called
Jul  7 04:05:05 praveen-xps kernel: [55120.062428] udlfb: released /dev/fb2 user=1 count=0
Jul  7 06:42:05 praveen-xps kernel: [64516.173707] hda-codec: out of range cmd 0:20:400:ffff7fff
Jul  7 09:31:44 praveen-xps kernel: [74669.948462] usb 2-1.3: USB disconnect, device number 15
Jul  7 09:31:44 praveen-xps kernel: [74669.948535] udlfb: USB disconnect starting
Jul  7 09:31:44 praveen-xps kernel: [74669.948538] udlfb: Freeing all render urbs
Jul  7 09:31:44 praveen-xps kernel: [74669.949001] udlfb: fb_info for /dev/fb2 has been freed
Jul  7 09:31:44 praveen-xps kernel: [74669.949137] udlfb: freeing dlfb_data f14a1800
Jul  7 09:41:26 praveen-xps kernel: [75250.989758] usb 2-1.3: new high-speed USB device number 16 using ehci-pci
Jul  7 09:41:26 praveen-xps kernel: [75251.082983] usb 2-1.3: New USB device found, idVendor=18d1, idProduct=4ee2
Jul  7 09:41:26 praveen-xps kernel: [75251.082989] usb 2-1.3: New USB device strings: Mfr=2, Product=3, SerialNumber=4
Jul  7 09:41:26 praveen-xps kernel: [75251.082994] usb 2-1.3: Product: Nexus 10
Jul  7 09:41:26 praveen-xps kernel: [75251.082998] usb 2-1.3: Manufacturer: samsung
Jul  7 09:41:26 praveen-xps kernel: [75251.083002] usb 2-1.3: SerialNumber: R32CB06YPMH
Jul  7 09:41:26 praveen-xps kernel: [75251.084034] BARD : Device attached
Jul  7 09:41:26 praveen-xps kernel: [75251.084038] Product id is: 4ee2 
Jul  7 09:41:26 praveen-xps kernel: [75251.084040] 
Jul  7 09:41:26 praveen-xps kernel: [75251.084040] Accessory-Setup: accessory setup started
Jul  7 09:41:26 praveen-xps kernel: [75251.085324] 
Jul  7 09:41:26 praveen-xps kernel: [75251.085324] Accessory identification sent. Attempting accessory mode.
Jul  7 09:41:50 praveen-xps kernel: [75274.634723] usb 2-1.3: USB disconnect, device number 16
Jul  7 09:41:50 praveen-xps kernel: [75274.634864] bard_disconnect: Dev is null!
Jul  7 09:41:50 praveen-xps kernel: [75274.634867] ADK device /dev/adk-96 now disconnected
Jul  7 09:41:50 praveen-xps kernel: [75274.834006] usb 2-1.3: new high-speed USB device number 17 using ehci-pci
Jul  7 09:41:50 praveen-xps kernel: [75274.927116] usb 2-1.3: New USB device found, idVendor=18d1, idProduct=2d01
Jul  7 09:41:50 praveen-xps kernel: [75274.927122] usb 2-1.3: New USB device strings: Mfr=2, Product=3, SerialNumber=4
Jul  7 09:41:50 praveen-xps kernel: [75274.927127] usb 2-1.3: Product: Nexus 10
Jul  7 09:41:50 praveen-xps kernel: [75274.927131] usb 2-1.3: Manufacturer: samsung
Jul  7 09:41:50 praveen-xps kernel: [75274.927135] usb 2-1.3: SerialNumber: R32CB06YPMH
Jul  7 09:41:50 praveen-xps kernel: [75274.927924] udlfb: samsung Nexus 10 - serial #R32CB06YPMH
Jul  7 09:41:50 praveen-xps kernel: [75274.927931] udlfb: vid_18d1&pid_2d01&rev_0226 driver's dlfb_data struct at ed7b9000
Jul  7 09:41:50 praveen-xps kernel: [75274.927935] udlfb: console enable=1
Jul  7 09:41:50 praveen-xps kernel: [75274.927938] udlfb: fb_defio enable=1
Jul  7 09:41:50 praveen-xps kernel: [75274.927941] udlfb: shadow enable=1
Jul  7 09:41:50 praveen-xps kernel: [75274.928834] udlfb: vendor descriptor not available (-32)
Jul  7 09:41:50 praveen-xps kernel: [75274.928888] udlfb: allocated 4 65024 byte urbs
Jul  7 09:41:50 praveen-xps kernel: [75274.928984] udlfb: teste	4d
Jul  7 09:41:50 praveen-xps kernel: [75274.928987] udlfb: teste	4d<6>[75274.928991] udlfb: 1024x768 @ 60 Hz valid mode
Jul  7 09:41:50 praveen-xps kernel: [75274.928994] udlfb: 720x400 @ 70 Hz valid mode
Jul  7 09:41:50 praveen-xps kernel: [75274.928997] udlfb: 640x480 @ 60 Hz valid mode
Jul  7 09:41:50 praveen-xps kernel: [75274.928999] udlfb: 800x600 @ 60 Hz valid mode
Jul  7 09:41:50 praveen-xps kernel: [75274.929002] udlfb: 1024x768 @ 60 Hz valid mode
Jul  7 09:41:50 praveen-xps kernel: [75274.929005] udlfb: Reallocating framebuffer. Addresses will change!
Jul  7 09:41:50 praveen-xps kernel: [75274.929475] dlfb_ops_check_var called
Jul  7 09:41:50 praveen-xps kernel: [75274.929488] udlfb: 1024x768 @ 60 Hz valid mode
Jul  7 09:41:50 praveen-xps kernel: [75274.929499] dlfb_ops_set_par called
Jul  7 09:41:50 praveen-xps kernel: [75274.929510] udlfb: set_par mode 1024x768
Jul  7 09:41:50 praveen-xps kernel: [75274.933767] udlfb: DisplayLink USB device /dev/fb2 attached. 1024x768 resolution. Using 3072K framebuffer memory
Jul  7 11:51:12 praveen-xps kernel: imklog 5.8.11, log source = /proc/kmsg started.
Jul  7 11:51:12 praveen-xps kernel: [    0.000000] Initializing cgroup subsys cpuset
Jul  7 11:51:12 praveen-xps kernel: [    0.000000] Initializing cgroup subsys cpu
Jul  7 11:51:12 praveen-xps kernel: [    0.000000] Linux version 3.8.0-35-generic (buildd@allspice) (gcc version 4.7.3 (Ubuntu/Linaro 4.7.3-1ubuntu1) ) #50-Ubuntu SMP Tue Dec 3 01:25:33 UTC 2013 (Ubuntu 3.8.0-35.50-generic 3.8.13.13)
Jul  7 11:51:12 praveen-xps kernel: [    0.000000] KERNEL supported cpus:
Jul  7 11:51:12 praveen-xps kernel: [    0.000000]   Intel GenuineIntel
Jul  7 11:51:12 praveen-xps kernel: [    0.000000]   AMD AuthenticAMD
Jul  7 11:51:12 praveen-xps kernel: [    0.000000]   NSC Geode by NSC
Jul  7 11:51:12 praveen-xps kernel: [    0.000000]   Cyrix CyrixInstead
Jul  7 11:51:12 praveen-xps kernel: [    0.000000]   Centaur CentaurHauls
Jul  7 11:51:12 praveen-xps kernel: [    0.000000]   Transmeta GenuineTMx86
Jul  7 11:51:12 praveen-xps kernel: [    0.000000]   Transmeta TransmetaCPU
Jul  7 11:51:12 praveen-xps kernel: [    0.000000]   UMC UMC UMC UMC
Jul  7 11:51:12 praveen-xps kernel: [    0.000000] e820: BIOS-provided physical RAM map:
Jul  7 11:51:12 praveen-xps kernel: [    0.000000] BIOS-e820: [mem 0x0000000000000000-0x000000000009c3ff] usable
Jul  7 11:51:12 praveen-xps kernel: [    0.000000] BIOS-e820: [mem 0x000000000009c400-0x000000000009ffff] reserved
Jul  7 11:51:12 praveen-xps kernel: [    0.000000] BIOS-e820: [mem 0x00000000000e0000-0x00000000000fffff] reserved
Jul  7 11:51:12 praveen-xps kernel: [    0.000000] BIOS-e820: [mem 0x0000000000100000-0x000000009727bfff] usable
Jul  7 11:51:12 praveen-xps kernel: [    0.000000] BIOS-e820: [mem 0x000000009727c000-0x0000000097281fff] reserved
Jul  7 11:51:12 praveen-xps kernel: [    0.000000] BIOS-e820: [mem 0x0000000097282000-0x00000000973d7fff] usable
Jul  7 11:51:12 praveen-xps kernel: [    0.000000] BIOS-e820: [mem 0x00000000973d8000-0x000000009740efff] reserved
Jul  7 11:51:12 praveen-xps kernel: [    0.000000] BIOS-e820: [mem 0x000000009740f000-0x000000009745cfff] usable
Jul  7 11:51:12 praveen-xps kernel: [    0.000000] BIOS-e820: [mem 0x000000009745d000-0x000000009745dfff] reserved
Jul  7 11:51:12 praveen-xps kernel: [    0.000000] BIOS-e820: [mem 0x000000009745e000-0x00000000974defff] ACPI NVS
Jul  7 11:51:12 praveen-xps kernel: [    0.000000] BIOS-e820: [mem 0x00000000974df000-0x000000009770efff] reserved
Jul  7 11:51:12 praveen-xps kernel: [    0.000000] BIOS-e820: [mem 0x000000009770f000-0x0000000097716fff] usable
Jul  7 11:51:12 praveen-xps kernel: [    0.000000] BIOS-e820: [mem 0x0000000097717000-0x000000009771efff] reserved
Jul  7 11:51:12 praveen-xps kernel: [    0.000000] BIOS-e820: [mem 0x000000009771f000-0x0000000097764fff] usable
Jul  7 11:51:12 praveen-xps kernel: [    0.000000] BIOS-e820: [mem 0x0000000097765000-0x000000009779efff] ACPI NVS
Jul  7 11:51:12 praveen-xps kernel: [    0.000000] BIOS-e820: [mem 0x000000009779f000-0x00000000977e0fff] usable
Jul  7 11:51:12 praveen-xps kernel: [    0.000000] BIOS-e820: [mem 0x00000000977e1000-0x00000000977fefff] ACPI data
Jul  7 11:51:12 praveen-xps kernel: [    0.000000] BIOS-e820: [mem 0x00000000977ff000-0x00000000977fffff] usable
Jul  7 11:51:12 praveen-xps kernel: [    0.000000] BIOS-e820: [mem 0x0000000097800000-0x000000009fffffff] reserved
Jul  7 11:51:12 praveen-xps kernel: [    0.000000] BIOS-e820: [mem 0x00000000e0000000-0x00000000efffffff] reserved
Jul  7 11:51:12 praveen-xps kernel: [    0.000000] BIOS-e820: [mem 0x00000000f0905000-0x00000000f0905fff] reserved
Jul  7 11:51:12 praveen-xps kernel: [    0.000000] BIOS-e820: [mem 0x00000000feaff000-0x00000000feafffff] reserved
Jul  7 11:51:12 praveen-xps kernel: [    0.000000] BIOS-e820: [mem 0x00000000fec00000-0x00000000fec0ffff] reserved
Jul  7 11:51:12 praveen-xps kernel: [    0.000000] BIOS-e820: [mem 0x00000000fed00000-0x00000000fed003ff] reserved
Jul  7 11:51:12 praveen-xps kernel: [    0.000000] BIOS-e820: [mem 0x00000000fed1c000-0x00000000fed8ffff] reserved
Jul  7 11:51:12 praveen-xps kernel: [    0.000000] BIOS-e820: [mem 0x00000000fee00000-0x00000000fee00fff] reserved
Jul  7 11:51:12 praveen-xps kernel: [    0.000000] BIOS-e820: [mem 0x00000000ff000000-0x00000000ffffffff] reserved
Jul  7 11:51:12 praveen-xps kernel: [    0.000000] BIOS-e820: [mem 0x0000000100000000-0x0000000157ffffff] usable
Jul  7 11:51:12 praveen-xps kernel: [    0.000000] NX (Execute Disable) protection: active
Jul  7 11:51:12 praveen-xps kernel: [    0.000000] SMBIOS 2.6 present.
Jul  7 11:51:12 praveen-xps kernel: [    0.000000] DMI: Dell Inc. XPS L501X  /0NYTH5, BIOS A06 01/06/2011
Jul  7 11:51:12 praveen-xps kernel: [    0.000000] e820: update [mem 0x00000000-0x0000ffff] usable ==> reserved
Jul  7 11:51:12 praveen-xps kernel: [    0.000000] e820: remove [mem 0x000a0000-0x000fffff] usable
Jul  7 11:51:12 praveen-xps kernel: [    0.000000] e820: last_pfn = 0x158000 max_arch_pfn = 0x1000000
Jul  7 11:51:12 praveen-xps kernel: [    0.000000] MTRR default type: uncachable
Jul  7 11:51:12 praveen-xps kernel: [    0.000000] MTRR fixed ranges enabled:
Jul  7 11:51:12 praveen-xps kernel: [    0.000000]   00000-9FFFF write-back
Jul  7 11:51:12 praveen-xps kernel: [    0.000000]   A0000-BFFFF uncachable
Jul  7 11:51:12 praveen-xps kernel: [    0.000000]   C0000-CFFFF write-protect
Jul  7 11:51:12 praveen-xps kernel: [    0.000000]   D0000-DBFFF uncachable
Jul  7 11:51:12 praveen-xps kernel: [    0.000000]   DC000-FFFFF write-through
Jul  7 11:51:12 praveen-xps kernel: [    0.000000] MTRR variable ranges enabled:
Jul  7 11:51:12 praveen-xps kernel: [    0.000000]   0 base 0FFDC0000 mask FFFFC0000 write-protect
Jul  7 11:51:12 praveen-xps kernel: [    0.000000]   1 base 0FFE00000 mask FFFE00000 write-protect
Jul  7 11:51:12 praveen-xps kernel: [    0.000000]   2 base 000000000 mask F80000000 write-back
Jul  7 11:51:12 praveen-xps kernel: [    0.000000]   3 base 080000000 mask FE0000000 write-back
Jul  7 11:51:12 praveen-xps kernel: [    0.000000]   4 base 100000000 mask FC0000000 write-back
Jul  7 11:51:12 praveen-xps kernel: [    0.000000]   5 base 140000000 mask FE0000000 write-back
Jul  7 11:51:12 praveen-xps kernel: [    0.000000]   6 base 158000000 mask FF8000000 uncachable
Jul  7 11:51:12 praveen-xps kernel: [    0.000000]   7 base 098000000 mask FF8000000 uncachable
Jul  7 11:51:12 praveen-xps kernel: [    0.000000] x86 PAT enabled: cpu 0, old 0x7040600070406, new 0x7010600070106
Jul  7 11:51:12 praveen-xps kernel: [    0.000000] found SMP MP-table at [mem 0x000f6d60-0x000f6d6f] mapped at [c00f6d60]
Jul  7 11:51:12 praveen-xps kernel: [    0.000000] initial memory mapped: [mem 0x00000000-0x01ffffff]
Jul  7 11:51:12 praveen-xps kernel: [    0.000000] Base memory trampoline at [c0098000] 98000 size 16384
Jul  7 11:51:12 praveen-xps kernel: [    0.000000] init_memory_mapping: [mem 0x00000000-0x37bfdfff]
Jul  7 11:51:12 praveen-xps kernel: [    0.000000]  [mem 0x00000000-0x001fffff] page 4k
Jul  7 11:51:12 praveen-xps kernel: [    0.000000]  [mem 0x00200000-0x379fffff] page 2M
Jul  7 11:51:12 praveen-xps kernel: [    0.000000]  [mem 0x37a00000-0x37bfdfff] page 4k
Jul  7 11:51:12 praveen-xps kernel: [    0.000000] kernel direct mapping tables up to 0x37bfdfff @ [mem 0x01ffa000-0x01ffffff]
Jul  7 11:51:12 praveen-xps kernel: [    0.000000] RAMDISK: [mem 0x36130000-0x3708ffff]
Jul  7 11:51:12 praveen-xps kernel: [    0.000000] ACPI: RSDP 000f6ca0 00024 (v02 PTLTD )
Jul  7 11:51:12 praveen-xps kernel: [    0.000000] ACPI: XSDT 977f47eb 00074 (v01 DELL    QA09    06040000  LTP 00000000)
Jul  7 11:51:12 praveen-xps kernel: [    0.000000] ACPI: FACP 977e3000 000F4 (v03 INTEL  CALPELLA 06040000 PTEC 00000001)
Jul  7 11:51:12 praveen-xps kernel: [    0.000000] ACPI: DSDT 977e4000 0A263 (v02 Intel  CALPELLA 06040000 INTL 20060912)
Jul  7 11:51:12 praveen-xps kernel: [    0.000000] ACPI: FACS 9779bfc0 00040
Jul  7 11:51:12 praveen-xps kernel: [    0.000000] ACPI: HPET 977fec5a 00038 (v01 INTEL  CALPELLA 06040000 PTEC 00000001)
Jul  7 11:51:12 praveen-xps kernel: [    0.000000] ACPI: MCFG 977fec92 0003C (v01 INTEL  CALPELLA 06040000 PTEC 00000001)
Jul  7 11:51:12 praveen-xps kernel: [    0.000000] ACPI: APIC 977fecce 00084 (v01 PTLTD  ? APIC   06040000  LTP 00000000)
Jul  7 11:51:12 praveen-xps kernel: [    0.000000] ACPI: BOOT 977fed52 00028 (v01 PTLTD  $SBFTBL$ 06040000  LTP 00000001)
Jul  7 11:51:12 praveen-xps kernel: [    0.000000] ACPI: SLIC 977fed7a 00176 (v01 DELL    QA09    06040000  LTP 00000000)
Jul  7 11:51:12 praveen-xps kernel: [    0.000000] ACPI: OSFR 977feef0 00070 (v01 DELL   DELL     06040000 ASL  00000061)
Jul  7 11:51:12 praveen-xps kernel: [    0.000000] ACPI: ASF! 977fef60 000A0 (v16   CETP     CETP 06040000 PTL  00000001)
Jul  7 11:51:12 praveen-xps kernel: [    0.000000] ACPI: SSDT 977ef000 00968 (v01 NvdRef  NvdTabl 00001000 INTL 20060912)
Jul  7 11:51:12 praveen-xps kernel: [    0.000000] ACPI: SSDT 977e2000 009F1 (v01  PmRef    CpuPm 00003000 INTL 20060912)
Jul  7 11:51:12 praveen-xps kernel: [    0.000000] ACPI: Local APIC address 0xfee00000
Jul  7 11:51:12 praveen-xps kernel: [    0.000000] 4612MB HIGHMEM available.
Jul  7 11:51:12 praveen-xps kernel: [    0.000000] 891MB LOWMEM available.
Jul  7 11:51:12 praveen-xps kernel: [    0.000000]   mapped low ram: 0 - 37bfe000
Jul  7 11:51:12 praveen-xps kernel: [    0.000000]   low ram: 0 - 37bfe000
Jul  7 11:51:12 praveen-xps kernel: [    0.000000] Zone ranges:
Jul  7 11:51:12 praveen-xps kernel: [    0.000000]   DMA      [mem 0x00010000-0x00ffffff]
Jul  7 11:51:12 praveen-xps kernel: [    0.000000]   Normal   [mem 0x01000000-0x37bfdfff]
Jul  7 11:51:12 praveen-xps kernel: [    0.000000]   HighMem  [mem 0x37bfe000-0x57ffffff]
Jul  7 11:51:12 praveen-xps kernel: [    0.000000] Movable zone start for each node
Jul  7 11:51:12 praveen-xps kernel: [    0.000000] Early memory node ranges
Jul  7 11:51:12 praveen-xps kernel: [    0.000000]   node   0: [mem 0x00010000-0x0009bfff]
Jul  7 11:51:12 praveen-xps kernel: [    0.000000]   node   0: [mem 0x00100000-0x9727bfff]
Jul  7 11:51:12 praveen-xps kernel: [    0.000000]   node   0: [mem 0x97282000-0x973d7fff]
Jul  7 11:51:12 praveen-xps kernel: [    0.000000]   node   0: [mem 0x9740f000-0x9745cfff]
Jul  7 11:51:12 praveen-xps kernel: [    0.000000]   node   0: [mem 0x9770f000-0x97716fff]
Jul  7 11:51:12 praveen-xps kernel: [    0.000000]   node   0: [mem 0x9771f000-0x97764fff]
Jul  7 11:51:12 praveen-xps kernel: [    0.000000]   node   0: [mem 0x9779f000-0x977e0fff]
Jul  7 11:51:12 praveen-xps kernel: [    0.000000]   node   0: [mem 0x977ff000-0x977fffff]
Jul  7 11:51:12 praveen-xps kernel: [    0.000000]   node   0: [mem 0x00000000-0x57ffffff]
Jul  7 11:51:12 praveen-xps kernel: [    0.000000] On node 0 totalpages: 980029
Jul  7 11:51:12 praveen-xps kernel: [    0.000000] free_area_init_node: node 0, pgdat c1905f40, node_mem_map f3630200
Jul  7 11:51:12 praveen-xps kernel: [    0.000000]   DMA zone: 32 pages used for memmap
Jul  7 11:51:12 praveen-xps kernel: [    0.000000]   DMA zone: 0 pages reserved
Jul  7 11:51:12 praveen-xps kernel: [    0.000000]   DMA zone: 3948 pages, LIFO batch:0
Jul  7 11:51:12 praveen-xps kernel: [    0.000000]   Normal zone: 1752 pages used for memmap
Jul  7 11:51:12 praveen-xps kernel: [    0.000000]   Normal zone: 222502 pages, LIFO batch:31
Jul  7 11:51:12 praveen-xps kernel: [    0.000000]   HighMem zone: 9225 pages used for memmap
Jul  7 11:51:12 praveen-xps kernel: [    0.000000]   HighMem zone: 742570 pages, LIFO batch:31
Jul  7 11:51:12 praveen-xps kernel: [    0.000000] Using APIC driver default
Jul  7 11:51:12 praveen-xps kernel: [    0.000000] ACPI: PM-Timer IO Port: 0x408
Jul  7 11:51:12 praveen-xps kernel: [    0.000000] ACPI: Local APIC address 0xfee00000
Jul  7 11:51:12 praveen-xps kernel: [    0.000000] ACPI: LAPIC (acpi_id[0x00] lapic_id[0x00] enabled)
Jul  7 11:51:12 praveen-xps kernel: [    0.000000] ACPI: LAPIC (acpi_id[0x01] lapic_id[0x04] enabled)
Jul  7 11:51:12 praveen-xps kernel: [    0.000000] ACPI: LAPIC (acpi_id[0x02] lapic_id[0x01] enabled)
Jul  7 11:51:12 praveen-xps kernel: [    0.000000] ACPI: LAPIC (acpi_id[0x03] lapic_id[0x05] enabled)
Jul  7 11:51:12 praveen-xps kernel: [    0.000000] ACPI: LAPIC_NMI (acpi_id[0x00] high edge lint[0x1])
Jul  7 11:51:12 praveen-xps kernel: [    0.000000] ACPI: LAPIC_NMI (acpi_id[0x01] high edge lint[0x1])
Jul  7 11:51:12 praveen-xps kernel: [    0.000000] ACPI: LAPIC_NMI (acpi_id[0x02] high edge lint[0x1])
Jul  7 11:51:12 praveen-xps kernel: [    0.000000] ACPI: LAPIC_NMI (acpi_id[0x03] high edge lint[0x1])
Jul  7 11:51:12 praveen-xps kernel: [    0.000000] ACPI: IOAPIC (id[0x02] address[0xfec00000] gsi_base[0])
Jul  7 11:51:12 praveen-xps kernel: [    0.000000] IOAPIC[0]: apic_id 2, version 32, address 0xfec00000, GSI 0-23
Jul  7 11:51:12 praveen-xps kernel: [    0.000000] ACPI: INT_SRC_OVR (bus 0 bus_irq 0 global_irq 2 high edge)
Jul  7 11:51:12 praveen-xps kernel: [    0.000000] ACPI: INT_SRC_OVR (bus 0 bus_irq 9 global_irq 9 high level)
Jul  7 11:51:12 praveen-xps kernel: [    0.000000] ACPI: IRQ0 used by override.
Jul  7 11:51:12 praveen-xps kernel: [    0.000000] ACPI: IRQ2 used by override.
Jul  7 11:51:12 praveen-xps kernel: [    0.000000] ACPI: IRQ9 used by override.
Jul  7 11:51:12 praveen-xps kernel: [    0.000000] Using ACPI (MADT) for SMP configuration information
Jul  7 11:51:12 praveen-xps kernel: [    0.000000] ACPI: HPET id: 0x8086a701 base: 0xfed00000
Jul  7 11:51:12 praveen-xps kernel: [    0.000000] smpboot: Allowing 4 CPUs, 0 hotplug CPUs
Jul  7 11:51:12 praveen-xps kernel: [    0.000000] nr_irqs_gsi: 40
Jul  7 11:51:12 praveen-xps kernel: [    0.000000] PM: Registered nosave memory: 000000000009c000 - 000000000009d000
Jul  7 11:51:12 praveen-xps kernel: [    0.000000] PM: Registered nosave memory: 000000000009d000 - 00000000000a0000
Jul  7 11:51:12 praveen-xps kernel: [    0.000000] PM: Registered nosave memory: 00000000000a0000 - 00000000000e0000
Jul  7 11:51:12 praveen-xps kernel: [    0.000000] PM: Registered nosave memory: 00000000000e0000 - 0000000000100000
Jul  7 11:51:12 praveen-xps kernel: [    0.000000] e820: [mem 0xa0000000-0xdfffffff] available for PCI devices
Jul  7 11:51:12 praveen-xps kernel: [    0.000000] Booting paravirtualized kernel on bare hardware
Jul  7 11:51:12 praveen-xps kernel: [    0.000000] setup_percpu: NR_CPUS:8 nr_cpumask_bits:8 nr_cpu_ids:4 nr_node_ids:1
Jul  7 11:51:12 praveen-xps kernel: [    0.000000] PERCPU: Embedded 14 pages/cpu @f7bb2000 s34944 r0 d22400 u57344
Jul  7 11:51:12 praveen-xps kernel: [    0.000000] pcpu-alloc: s34944 r0 d22400 u57344 alloc=14*4096
Jul  7 11:51:12 praveen-xps kernel: [    0.000000] pcpu-alloc: [0] 0 [0] 1 [0] 2 [0] 3 
Jul  7 11:51:12 praveen-xps kernel: [    0.000000] Built 1 zonelists in Zone order, mobility grouping on.  Total pages: 969020
Jul  7 11:51:12 praveen-xps kernel: [    0.000000] Kernel command line: BOOT_IMAGE=/boot/vmlinuz-3.8.0-35-generic root=UUID=f15ae7b1-fed7-4db4-8c2c-0bb8de86c759 ro quiet splash vt.handoff=7
Jul  7 11:51:12 praveen-xps kernel: [    0.000000] PID hash table entries: 4096 (order: 2, 16384 bytes)
Jul  7 11:51:12 praveen-xps kernel: [    0.000000] Dentry cache hash table entries: 131072 (order: 7, 524288 bytes)
Jul  7 11:51:12 praveen-xps kernel: [    0.000000] Inode-cache hash table entries: 65536 (order: 6, 262144 bytes)
Jul  7 11:51:12 praveen-xps kernel: [    0.000000] __ex_table already sorted, skipping sort
Jul  7 11:51:12 praveen-xps kernel: [    0.000000] Initializing CPU#0
Jul  7 11:51:12 praveen-xps kernel: [    0.000000] allocated 11272064 bytes of page_cgroup
Jul  7 11:51:12 praveen-xps kernel: [    0.000000] please try 'cgroup_disable=memory' option if you don't want memory cgroups
Jul  7 11:51:12 praveen-xps kernel: [    0.000000] Initializing HighMem for node 0 (00037bfe:00158000)
Jul  7 11:51:12 praveen-xps kernel: [    0.000000] Memory: 3837172k/5636096k available (6262k kernel code, 82944k reserved, 3026k data, 792k init, 3007180k highmem)
Jul  7 11:51:12 praveen-xps kernel: [    0.000000] virtual kernel memory layout:
Jul  7 11:51:12 praveen-xps kernel: [    0.000000]     fixmap  : 0xfff14000 - 0xfffff000   ( 940 kB)
Jul  7 11:51:12 praveen-xps kernel: [    0.000000]     pkmap   : 0xffc00000 - 0xffe00000   (2048 kB)
Jul  7 11:51:12 praveen-xps kernel: [    0.000000]     vmalloc : 0xf83fe000 - 0xffbfe000   ( 120 MB)
Jul  7 11:51:12 praveen-xps kernel: [    0.000000]     lowmem  : 0xc0000000 - 0xf7bfe000   ( 891 MB)
Jul  7 11:51:12 praveen-xps kernel: [    0.000000]       .init : 0xc1913000 - 0xc19d9000   ( 792 kB)
Jul  7 11:51:12 praveen-xps kernel: [    0.000000]       .data : 0xc161d9bc - 0xc1912280   (3026 kB)
Jul  7 11:51:12 praveen-xps kernel: [    0.000000]       .text : 0xc1000000 - 0xc161d9bc   (6262 kB)
Jul  7 11:51:12 praveen-xps kernel: [    0.000000] Checking if this processor honours the WP bit even in supervisor mode...Ok.
Jul  7 11:51:12 praveen-xps kernel: [    0.000000] SLUB: Genslabs=15, HWalign=64, Order=0-3, MinObjects=0, CPUs=4, Nodes=1
Jul  7 11:51:12 praveen-xps kernel: [    0.000000] Hierarchical RCU implementation.
Jul  7 11:51:12 praveen-xps kernel: [    0.000000] 	RCU dyntick-idle grace-period acceleration is enabled.
Jul  7 11:51:12 praveen-xps kernel: [    0.000000] 	RCU restricting CPUs from NR_CPUS=8 to nr_cpu_ids=4.
Jul  7 11:51:12 praveen-xps kernel: [    0.000000] NR_IRQS:2304 nr_irqs:712 16
Jul  7 11:51:12 praveen-xps kernel: [    0.000000] CPU 0 irqstacks, hard=f7408000 soft=f740a000
Jul  7 11:51:12 praveen-xps kernel: [    0.000000] Extended CMOS year: 2000
Jul  7 11:51:12 praveen-xps kernel: [    0.000000] Console: colour dummy device 80x25
Jul  7 11:51:12 praveen-xps kernel: [    0.000000] console [tty0] enabled
Jul  7 11:51:12 praveen-xps kernel: [    0.000000] hpet clockevent registered
Jul  7 11:51:12 praveen-xps kernel: [    0.000000] tsc: Fast TSC calibration using PIT
Jul  7 11:51:12 praveen-xps kernel: [    0.004000] tsc: Detected 2660.003 MHz processor
Jul  7 11:51:12 praveen-xps kernel: [    0.000001] Calibrating delay loop (skipped), value calculated using timer frequency.. 5320.00 BogoMIPS (lpj=10640012)
Jul  7 11:51:12 praveen-xps kernel: [    0.000003] pid_max: default: 32768 minimum: 301
Jul  7 11:51:12 praveen-xps kernel: [    0.000026] Security Framework initialized
Jul  7 11:51:12 praveen-xps kernel: [    0.000034] AppArmor: AppArmor initialized
Jul  7 11:51:12 praveen-xps kernel: [    0.000035] Yama: becoming mindful.
Jul  7 11:51:12 praveen-xps kernel: [    0.000076] Mount-cache hash table entries: 512
Jul  7 11:51:12 praveen-xps kernel: [    0.000231] Initializing cgroup subsys cpuacct
Jul  7 11:51:12 praveen-xps kernel: [    0.000233] Initializing cgroup subsys memory
Jul  7 11:51:12 praveen-xps kernel: [    0.000239] Initializing cgroup subsys devices
Jul  7 11:51:12 praveen-xps kernel: [    0.000240] Initializing cgroup subsys freezer
Jul  7 11:51:12 praveen-xps kernel: [    0.000242] Initializing cgroup subsys blkio
Jul  7 11:51:12 praveen-xps kernel: [    0.000244] Initializing cgroup subsys perf_event
Jul  7 11:51:12 praveen-xps kernel: [    0.000246] Initializing cgroup subsys hugetlb
Jul  7 11:51:12 praveen-xps kernel: [    0.000269] CPU: Physical Processor ID: 0
Jul  7 11:51:12 praveen-xps kernel: [    0.000270] CPU: Processor Core ID: 0
Jul  7 11:51:12 praveen-xps kernel: [    0.000274] mce: CPU supports 9 MCE banks
Jul  7 11:51:12 praveen-xps kernel: [    0.000282] CPU0: Thermal monitoring handled by SMI
Jul  7 11:51:12 praveen-xps kernel: [    0.000288] process: using mwait in idle threads
Jul  7 11:51:12 praveen-xps kernel: [    0.000294] Last level iTLB entries: 4KB 512, 2MB 7, 4MB 7
Jul  7 11:51:12 praveen-xps kernel: [    0.000294] Last level dTLB entries: 4KB 512, 2MB 32, 4MB 32
Jul  7 11:51:12 praveen-xps kernel: [    0.000294] tlb_flushall_shift: 6
Jul  7 11:51:12 praveen-xps kernel: [    0.000554] Freeing SMP alternatives: 24k freed
Jul  7 11:51:12 praveen-xps kernel: [    0.002145] ACPI: Core revision 20121018
Jul  7 11:51:12 praveen-xps kernel: [    0.021185] ftrace: allocating 26173 entries in 52 pages
Jul  7 11:51:12 praveen-xps kernel: [    0.031977] Enabling APIC mode:  Flat.  Using 1 I/O APICs
Jul  7 11:51:12 praveen-xps kernel: [    0.032473] ..TIMER: vector=0x30 apic1=0 pin1=2 apic2=-1 pin2=-1
Jul  7 11:51:12 praveen-xps kernel: [    0.072057] smpboot: CPU0: Intel(R) Core(TM) i5 CPU       M 480  @ 2.67GHz (fam: 06, model: 25, stepping: 05)
Jul  7 11:51:12 praveen-xps kernel: [    0.179117] Performance Events: PEBS fmt1+, 16-deep LBR, Westmere events, Intel PMU driver.
Jul  7 11:51:12 praveen-xps kernel: [    0.179124] perf_event_intel: CPUID marked event: 'bus cycles' unavailable
Jul  7 11:51:12 praveen-xps kernel: [    0.179126] ... version:                3
Jul  7 11:51:12 praveen-xps kernel: [    0.179127] ... bit width:              48
Jul  7 11:51:12 praveen-xps kernel: [    0.179128] ... generic registers:      4
Jul  7 11:51:12 praveen-xps kernel: [    0.179129] ... value mask:             0000ffffffffffff
Jul  7 11:51:12 praveen-xps kernel: [    0.179130] ... max period:             000000007fffffff
Jul  7 11:51:12 praveen-xps kernel: [    0.179131] ... fixed-purpose events:   3
Jul  7 11:51:12 praveen-xps kernel: [    0.179132] ... event mask:             000000070000000f
Jul  7 11:51:12 praveen-xps kernel: [    0.179978] CPU 1 irqstacks, hard=f7504000 soft=f7506000
Jul  7 11:51:12 praveen-xps kernel: [    0.190089] Initializing CPU#1
Jul  7 11:51:12 praveen-xps kernel: [    0.190896] CPU1: Thermal monitoring handled by SMI
Jul  7 11:51:12 praveen-xps kernel: [    0.193075] NMI watchdog: enabled on all CPUs, permanently consumes one hw-PMU counter.
Jul  7 11:51:12 praveen-xps kernel: [    0.179980] smpboot: Booting Node   0, Processors  #1
Jul  7 11:51:12 praveen-xps kernel: [    0.193158] CPU 2 irqstacks, hard=f757c000 soft=f757e000
Jul  7 11:51:12 praveen-xps kernel: [    0.203309] Initializing CPU#2
Jul  7 11:51:12 praveen-xps kernel: [    0.204175] CPU2: Thermal monitoring handled by SMI
Jul  7 11:51:12 praveen-xps kernel: [    0.193160]  #2
Jul  7 11:51:12 praveen-xps kernel: [    0.206374] CPU 3 irqstacks, hard=f75ca000 soft=f75cc000
Jul  7 11:51:12 praveen-xps kernel: [    0.206377]  #3 OK
Jul  7 11:51:12 praveen-xps kernel: [    0.216505] Initializing CPU#3
Jul  7 11:51:12 praveen-xps kernel: [    0.217391] CPU3: Thermal monitoring handled by SMI
Jul  7 11:51:12 praveen-xps kernel: [    0.219503] Brought up 4 CPUs
Jul  7 11:51:12 praveen-xps kernel: [    0.219508] smpboot: Total of 4 processors activated (21280.02 BogoMIPS)
Jul  7 11:51:12 praveen-xps kernel: [    0.222165] devtmpfs: initialized
Jul  7 11:51:12 praveen-xps kernel: [    0.222329] EVM: security.selinux
Jul  7 11:51:12 praveen-xps kernel: [    0.222330] EVM: security.SMACK64
Jul  7 11:51:12 praveen-xps kernel: [    0.222331] EVM: security.capability
Jul  7 11:51:12 praveen-xps kernel: [    0.222396] PM: Registering ACPI NVS region [mem 0x9745e000-0x974defff] (528384 bytes)
Jul  7 11:51:12 praveen-xps kernel: [    0.222406] PM: Registering ACPI NVS region [mem 0x97765000-0x9779efff] (237568 bytes)
Jul  7 11:51:12 praveen-xps kernel: [    0.223174] regulator-dummy: no parameters
Jul  7 11:51:12 praveen-xps kernel: [    0.223219] NET: Registered protocol family 16
Jul  7 11:51:12 praveen-xps kernel: [    0.223323] EISA bus registered
Jul  7 11:51:12 praveen-xps kernel: [    0.223392] ACPI: bus type pci registered
Jul  7 11:51:12 praveen-xps kernel: [    0.223447] PCI: MMCONFIG for domain 0000 [bus 00-ff] at [mem 0xe0000000-0xefffffff] (base 0xe0000000)
Jul  7 11:51:12 praveen-xps kernel: [    0.223450] PCI: MMCONFIG at [mem 0xe0000000-0xefffffff] reserved in E820
Jul  7 11:51:12 praveen-xps kernel: [    0.223451] PCI: Using MMCONFIG for extended config space
Jul  7 11:51:12 praveen-xps kernel: [    0.223452] PCI: Using configuration type 1 for base access
Jul  7 11:51:12 praveen-xps kernel: [    0.224193] bio: create slab <bio-0> at 0
Jul  7 11:51:12 praveen-xps kernel: [    0.224270] ACPI: Added _OSI(Module Device)
Jul  7 11:51:12 praveen-xps kernel: [    0.224272] ACPI: Added _OSI(Processor Device)
Jul  7 11:51:12 praveen-xps kernel: [    0.224274] ACPI: Added _OSI(3.0 _SCP Extensions)
Jul  7 11:51:12 praveen-xps kernel: [    0.224275] ACPI: Added _OSI(Processor Aggregator Device)
Jul  7 11:51:12 praveen-xps kernel: [    0.225755] ACPI: EC: Look up EC in DSDT
Jul  7 11:51:12 praveen-xps kernel: [    0.230849] [Firmware Bug]: ACPI: BIOS _OSI(Linux) query ignored
Jul  7 11:51:12 praveen-xps kernel: [    0.231659] ACPI: SSDT 9771aa18 00474 (v01  PmRef  Cpu0Ist 00003000 INTL 20060912)
Jul  7 11:51:12 praveen-xps kernel: [    0.232018] ACPI: Dynamic OEM Table Load:
Jul  7 11:51:12 praveen-xps kernel: [    0.232020] ACPI: SSDT   (null) 00474 (v01  PmRef  Cpu0Ist 00003000 INTL 20060912)
Jul  7 11:51:12 praveen-xps kernel: [    0.232136] ACPI: SSDT 97718018 008B0 (v01  PmRef  Cpu0Cst 00003001 INTL 20060912)
Jul  7 11:51:12 praveen-xps kernel: [    0.232478] ACPI: Dynamic OEM Table Load:
Jul  7 11:51:12 praveen-xps kernel: [    0.232480] ACPI: SSDT   (null) 008B0 (v01  PmRef  Cpu0Cst 00003001 INTL 20060912)
Jul  7 11:51:12 praveen-xps kernel: [    0.232711] ACPI: SSDT 97719a98 00303 (v01  PmRef    ApIst 00003000 INTL 20060912)
Jul  7 11:51:12 praveen-xps kernel: [    0.233115] ACPI: Dynamic OEM Table Load:
Jul  7 11:51:12 praveen-xps kernel: [    0.233117] ACPI: SSDT   (null) 00303 (v01  PmRef    ApIst 00003000 INTL 20060912)
Jul  7 11:51:12 praveen-xps kernel: [    0.233210] ACPI: SSDT 97717d98 00119 (v01  PmRef    ApCst 00003000 INTL 20060912)
Jul  7 11:51:12 praveen-xps kernel: [    0.233581] ACPI: Dynamic OEM Table Load:
Jul  7 11:51:12 praveen-xps kernel: [    0.233583] ACPI: SSDT   (null) 00119 (v01  PmRef    ApCst 00003000 INTL 20060912)
Jul  7 11:51:12 praveen-xps kernel: [    0.234151] ACPI: Interpreter enabled
Jul  7 11:51:12 praveen-xps kernel: [    0.234158] ACPI: (supports S0 S3 S4 S5)
Jul  7 11:51:12 praveen-xps kernel: [    0.234172] ACPI: Using IOAPIC for interrupt routing
Jul  7 11:51:12 praveen-xps kernel: [    0.240160] ACPI: Power Resource [FN00] (off)
Jul  7 11:51:12 praveen-xps kernel: [    0.240224] ACPI: Power Resource [FN01] (off)
Jul  7 11:51:12 praveen-xps kernel: [    0.240505] ACPI: EC: GPE = 0x16, I/O: command/status = 0x66, data = 0x62
Jul  7 11:51:12 praveen-xps kernel: [    0.240703] ACPI: No dock devices found.
Jul  7 11:51:12 praveen-xps kernel: [    0.240708] PCI: Using host bridge windows from ACPI; if necessary, use "pci=nocrs" and report a bug
Jul  7 11:51:12 praveen-xps kernel: [    0.241009] ACPI: PCI Root Bridge [PCI0] (domain 0000 [bus 00-fe])
Jul  7 11:51:12 praveen-xps kernel: [    0.241011] ACPI: PCI Interrupt Routing Table [\_SB_.PCI0._PRT]
Jul  7 11:51:12 praveen-xps kernel: [    0.241181] \_SB_.PCI0:_OSC invalid UUID
Jul  7 11:51:12 praveen-xps kernel: [    0.241182] _OSC request data:1 8 0 
Jul  7 11:51:12 praveen-xps kernel: [    0.241706] PCI host bridge to bus 0000:00
Jul  7 11:51:12 praveen-xps kernel: [    0.241709] pci_bus 0000:00: root bus resource [bus 00-fe]
Jul  7 11:51:12 praveen-xps kernel: [    0.241711] pci_bus 0000:00: root bus resource [io  0x0000-0x0cf7]
Jul  7 11:51:12 praveen-xps kernel: [    0.241713] pci_bus 0000:00: root bus resource [io  0x0d00-0xffff]
Jul  7 11:51:12 praveen-xps kernel: [    0.241714] pci_bus 0000:00: root bus resource [mem 0x000a0000-0x000bffff]
Jul  7 11:51:12 praveen-xps kernel: [    0.241716] pci_bus 0000:00: root bus resource [mem 0x000d0000-0x000d3fff]
Jul  7 11:51:12 praveen-xps kernel: [    0.241717] pci_bus 0000:00: root bus resource [mem 0x000d4000-0x000d7fff]
Jul  7 11:51:12 praveen-xps kernel: [    0.241719] pci_bus 0000:00: root bus resource [mem 0x000d8000-0x000dbfff]
Jul  7 11:51:12 praveen-xps kernel: [    0.241720] pci_bus 0000:00: root bus resource [mem 0x000dc000-0x000dffff]
Jul  7 11:51:12 praveen-xps kernel: [    0.241722] pci_bus 0000:00: root bus resource [mem 0xa0000000-0xdfffffff]
Jul  7 11:51:12 praveen-xps kernel: [    0.241724] pci_bus 0000:00: root bus resource [mem 0xf0000000-0xfebfffff]
Jul  7 11:51:12 praveen-xps kernel: [    0.241732] pci 0000:00:00.0: [8086:0044] type 00 class 0x060000
Jul  7 11:51:12 praveen-xps kernel: [    0.241750] DMAR: BIOS has allocated no shadow GTT; disabling IOMMU for graphics
Jul  7 11:51:12 praveen-xps kernel: [    0.241769] pci 0000:00:01.0: [8086:0045] type 01 class 0x060400
Jul  7 11:51:12 praveen-xps kernel: [    0.241800] pci 0000:00:01.0: PME# supported from D0 D3hot D3cold
Jul  7 11:51:12 praveen-xps kernel: [    0.241813] pci 0000:00:02.0: [8086:0046] type 00 class 0x030000
Jul  7 11:51:12 praveen-xps kernel: [    0.241823] pci 0000:00:02.0: reg 10: [mem 0xf0000000-0xf03fffff 64bit]
Jul  7 11:51:12 praveen-xps kernel: [    0.241829] pci 0000:00:02.0: reg 18: [mem 0xd0000000-0xdfffffff 64bit pref]
Jul  7 11:51:12 praveen-xps kernel: [    0.241833] pci 0000:00:02.0: reg 20: [io  0x1800-0x1807]
Jul  7 11:51:12 praveen-xps kernel: [    0.241897] pci 0000:00:16.0: [8086:3b64] type 00 class 0x078000
Jul  7 11:51:12 praveen-xps kernel: [    0.241924] pci 0000:00:16.0: reg 10: [mem 0xf0906800-0xf090680f 64bit]
Jul  7 11:51:12 praveen-xps kernel: [    0.242015] pci 0000:00:16.0: PME# supported from D0 D3hot D3cold
Jul  7 11:51:12 praveen-xps kernel: [    0.242057] pci 0000:00:1a.0: [8086:3b3c] type 00 class 0x0c0320
Jul  7 11:51:12 praveen-xps kernel: [    0.242082] pci 0000:00:1a.0: reg 10: [mem 0xf0907000-0xf09073ff]
Jul  7 11:51:12 praveen-xps kernel: [    0.242189] pci 0000:00:1a.0: PME# supported from D0 D3hot D3cold
Jul  7 11:51:12 praveen-xps kernel: [    0.242221] pci 0000:00:1b.0: [8086:3b56] type 00 class 0x040300
Jul  7 11:51:12 praveen-xps kernel: [    0.242241] pci 0000:00:1b.0: reg 10: [mem 0xf0900000-0xf0903fff 64bit]
Jul  7 11:51:12 praveen-xps kernel: [    0.242337] pci 0000:00:1b.0: PME# supported from D0 D3hot D3cold
Jul  7 11:51:12 praveen-xps kernel: [    0.242366] pci 0000:00:1c.0: [8086:3b42] type 01 class 0x060400
Jul  7 11:51:12 praveen-xps kernel: [    0.242464] pci 0000:00:1c.0: PME# supported from D0 D3hot D3cold
Jul  7 11:51:12 praveen-xps kernel: [    0.242495] pci 0000:00:1c.1: [8086:3b44] type 01 class 0x060400
Jul  7 11:51:12 praveen-xps kernel: [    0.242593] pci 0000:00:1c.1: PME# supported from D0 D3hot D3cold
Jul  7 11:51:12 praveen-xps kernel: [    0.242625] pci 0000:00:1c.3: [8086:3b48] type 01 class 0x060400
Jul  7 11:51:12 praveen-xps kernel: [    0.242723] pci 0000:00:1c.3: PME# supported from D0 D3hot D3cold
Jul  7 11:51:12 praveen-xps kernel: [    0.242753] pci 0000:00:1c.4: [8086:3b4a] type 01 class 0x060400
Jul  7 11:51:12 praveen-xps kernel: [    0.242851] pci 0000:00:1c.4: PME# supported from D0 D3hot D3cold
Jul  7 11:51:12 praveen-xps kernel: [    0.242882] pci 0000:00:1c.5: [8086:3b4c] type 01 class 0x060400
Jul  7 11:51:12 praveen-xps kernel: [    0.242980] pci 0000:00:1c.5: PME# supported from D0 D3hot D3cold
Jul  7 11:51:12 praveen-xps kernel: [    0.243018] pci 0000:00:1d.0: [8086:3b34] type 00 class 0x0c0320
Jul  7 11:51:12 praveen-xps kernel: [    0.243042] pci 0000:00:1d.0: reg 10: [mem 0xf0907400-0xf09077ff]
Jul  7 11:51:12 praveen-xps kernel: [    0.243150] pci 0000:00:1d.0: PME# supported from D0 D3hot D3cold
Jul  7 11:51:12 praveen-xps kernel: [    0.243175] pci 0000:00:1e.0: [8086:2448] type 01 class 0x060401
Jul  7 11:51:12 praveen-xps kernel: [    0.243260] pci 0000:00:1f.0: [8086:3b0b] type 00 class 0x060100
Jul  7 11:51:12 praveen-xps kernel: [    0.243387] pci 0000:00:1f.2: [8086:3b2f] type 00 class 0x010601
Jul  7 11:51:12 praveen-xps kernel: [    0.243413] pci 0000:00:1f.2: reg 10: [io  0x1840-0x1847]
Jul  7 11:51:12 praveen-xps kernel: [    0.243424] pci 0000:00:1f.2: reg 14: [io  0x1814-0x1817]
Jul  7 11:51:12 praveen-xps kernel: [    0.243439] pci 0000:00:1f.2: reg 18: [io  0x1818-0x181f]
Jul  7 11:51:12 praveen-xps kernel: [    0.243450] pci 0000:00:1f.2: reg 1c: [io  0x1810-0x1813]
Jul  7 11:51:12 praveen-xps kernel: [    0.243460] pci 0000:00:1f.2: reg 20: [io  0x1820-0x183f]
Jul  7 11:51:12 praveen-xps kernel: [    0.243471] pci 0000:00:1f.2: reg 24: [mem 0xf0906000-0xf09067ff]
Jul  7 11:51:12 praveen-xps kernel: [    0.243537] pci 0000:00:1f.2: PME# supported from D3hot
Jul  7 11:51:12 praveen-xps kernel: [    0.243561] pci 0000:00:1f.3: [8086:3b30] type 00 class 0x0c0500
Jul  7 11:51:12 praveen-xps kernel: [    0.243582] pci 0000:00:1f.3: reg 10: [mem 0xf0907800-0xf09078ff 64bit]
Jul  7 11:51:12 praveen-xps kernel: [    0.243611] pci 0000:00:1f.3: reg 20: [io  0x1860-0x187f]
Jul  7 11:51:12 praveen-xps kernel: [    0.243660] pci 0000:00:1f.6: [8086:3b32] type 00 class 0x118000
Jul  7 11:51:12 praveen-xps kernel: [    0.243688] pci 0000:00:1f.6: reg 10: [mem 0xf0905000-0xf0905fff 64bit]
Jul  7 11:51:12 praveen-xps kernel: [    0.243816] pci 0000:02:00.0: [10de:0df1] type 00 class 0x030000
Jul  7 11:51:12 praveen-xps kernel: [    0.243825] pci 0000:02:00.0: reg 10: [mem 0xac000000-0xacffffff]
Jul  7 11:51:12 praveen-xps kernel: [    0.243835] pci 0000:02:00.0: reg 14: [mem 0xb0000000-0xbfffffff 64bit pref]
Jul  7 11:51:12 praveen-xps kernel: [    0.243846] pci 0000:02:00.0: reg 1c: [mem 0xae000000-0xafffffff 64bit pref]
Jul  7 11:51:12 praveen-xps kernel: [    0.243853] pci 0000:02:00.0: reg 24: [io  0x2000-0x207f]
Jul  7 11:51:12 praveen-xps kernel: [    0.243860] pci 0000:02:00.0: reg 30: [mem 0x00000000-0x0007ffff pref]
Jul  7 11:51:12 praveen-xps kernel: [    0.243917] pci 0000:00:01.0: PCI bridge to [bus 02]
Jul  7 11:51:12 praveen-xps kernel: [    0.243920] pci 0000:00:01.0:   bridge window [io  0x2000-0x2fff]
Jul  7 11:51:12 praveen-xps kernel: [    0.243922] pci 0000:00:01.0:   bridge window [mem 0xac000000-0xadefffff]
Jul  7 11:51:12 praveen-xps kernel: [    0.243925] pci 0000:00:01.0:   bridge window [mem 0xae000000-0xbfffffff 64bit pref]
Jul  7 11:51:12 praveen-xps kernel: [    0.243979] pci 0000:00:1c.0: PCI bridge to [bus 03]
Jul  7 11:51:12 praveen-xps kernel: [    0.244181] pci 0000:04:00.0: [8086:422c] type 00 class 0x028000
Jul  7 11:51:12 praveen-xps kernel: [    0.244323] pci 0000:04:00.0: reg 10: [mem 0xf0400000-0xf0401fff 64bit]
Jul  7 11:51:12 praveen-xps kernel: [    0.245038] pci 0000:04:00.0: PME# supported from D0 D3hot D3cold
Jul  7 11:51:12 praveen-xps kernel: [    0.251491] pci 0000:00:1c.1: PCI bridge to [bus 04]
Jul  7 11:51:12 praveen-xps kernel: [    0.251503] pci 0000:00:1c.1:   bridge window [mem 0xf0400000-0xf04fffff]
Jul  7 11:51:12 praveen-xps kernel: [    0.251616] pci 0000:05:00.0: [1033:0194] type 00 class 0x0c0330
Jul  7 11:51:12 praveen-xps kernel: [    0.251656] pci 0000:05:00.0: reg 10: [mem 0xf0500000-0xf0501fff 64bit]
Jul  7 11:51:12 praveen-xps kernel: [    0.251861] pci 0000:05:00.0: PME# supported from D0 D3hot D3cold
Jul  7 11:51:12 praveen-xps kernel: [    0.251947] pci 0000:00:1c.3: PCI bridge to [bus 05-06]
Jul  7 11:51:12 praveen-xps kernel: [    0.251952] pci 0000:00:1c.3:   bridge window [io  0x3000-0x3fff]
Jul  7 11:51:12 praveen-xps kernel: [    0.251956] pci 0000:00:1c.3:   bridge window [mem 0xf0500000-0xf05fffff]
Jul  7 11:51:12 praveen-xps kernel: [    0.251963] pci 0000:00:1c.3:   bridge window [mem 0xf0c00000-0xf0dfffff 64bit pref]
Jul  7 11:51:12 praveen-xps kernel: [    0.252018] pci 0000:00:1c.4: PCI bridge to [bus 07-08]
Jul  7 11:51:12 praveen-xps kernel: [    0.252022] pci 0000:00:1c.4:   bridge window [io  0x4000-0x4fff]
Jul  7 11:51:12 praveen-xps kernel: [    0.252026] pci 0000:00:1c.4:   bridge window [mem 0xf0600000-0xf06fffff]
Jul  7 11:51:12 praveen-xps kernel: [    0.252033] pci 0000:00:1c.4:   bridge window [mem 0xf0e00000-0xf0ffffff 64bit pref]
Jul  7 11:51:12 praveen-xps kernel: [    0.252105] pci 0000:09:00.0: [10ec:8168] type 00 class 0x020000
Jul  7 11:51:12 praveen-xps kernel: [    0.252124] pci 0000:09:00.0: reg 10: [io  0x5000-0x50ff]
Jul  7 11:51:12 praveen-xps kernel: [    0.252152] pci 0000:09:00.0: reg 18: [mem 0xf0a04000-0xf0a04fff 64bit pref]
Jul  7 11:51:12 praveen-xps kernel: [    0.252170] pci 0000:09:00.0: reg 20: [mem 0xf0a00000-0xf0a03fff 64bit pref]
Jul  7 11:51:12 praveen-xps kernel: [    0.252243] pci 0000:09:00.0: supports D1 D2
Jul  7 11:51:12 praveen-xps kernel: [    0.252244] pci 0000:09:00.0: PME# supported from D0 D1 D2 D3hot D3cold
Jul  7 11:51:12 praveen-xps kernel: [    0.259411] pci 0000:00:1c.5: PCI bridge to [bus 09]
Jul  7 11:51:12 praveen-xps kernel: [    0.259419] pci 0000:00:1c.5:   bridge window [io  0x5000-0x5fff]
Jul  7 11:51:12 praveen-xps kernel: [    0.259435] pci 0000:00:1c.5:   bridge window [mem 0xf0a00000-0xf0afffff 64bit pref]
Jul  7 11:51:12 praveen-xps kernel: [    0.259537] pci 0000:00:1e.0: PCI bridge to [bus 0a] (subtractive decode)
Jul  7 11:51:12 praveen-xps kernel: [    0.259550] pci 0000:00:1e.0:   bridge window [io  0x0000-0x0cf7] (subtractive decode)
Jul  7 11:51:12 praveen-xps kernel: [    0.259551] pci 0000:00:1e.0:   bridge window [io  0x0d00-0xffff] (subtractive decode)
Jul  7 11:51:12 praveen-xps kernel: [    0.259553] pci 0000:00:1e.0:   bridge window [mem 0x000a0000-0x000bffff] (subtractive decode)
Jul  7 11:51:12 praveen-xps kernel: [    0.259554] pci 0000:00:1e.0:   bridge window [mem 0x000d0000-0x000d3fff] (subtractive decode)
Jul  7 11:51:12 praveen-xps kernel: [    0.259556] pci 0000:00:1e.0:   bridge window [mem 0x000d4000-0x000d7fff] (subtractive decode)
Jul  7 11:51:12 praveen-xps kernel: [    0.259557] pci 0000:00:1e.0:   bridge window [mem 0x000d8000-0x000dbfff] (subtractive decode)
Jul  7 11:51:12 praveen-xps kernel: [    0.259559] pci 0000:00:1e.0:   bridge window [mem 0x000dc000-0x000dffff] (subtractive decode)
Jul  7 11:51:12 praveen-xps kernel: [    0.259561] pci 0000:00:1e.0:   bridge window [mem 0xa0000000-0xdfffffff] (subtractive decode)
Jul  7 11:51:12 praveen-xps kernel: [    0.259562] pci 0000:00:1e.0:   bridge window [mem 0xf0000000-0xfebfffff] (subtractive decode)
Jul  7 11:51:12 praveen-xps kernel: [    0.259599] pci_bus 0000:00: on NUMA node 0
Jul  7 11:51:12 praveen-xps kernel: [    0.259621] ACPI: PCI Interrupt Routing Table [\_SB_.PCI0.P0P2._PRT]
Jul  7 11:51:12 praveen-xps kernel: [    0.259667] ACPI: PCI Interrupt Routing Table [\_SB_.PCI0.P0P1._PRT]
Jul  7 11:51:12 praveen-xps kernel: [    0.259762] ACPI: PCI Interrupt Routing Table [\_SB_.PCI0.RP01._PRT]
Jul  7 11:51:12 praveen-xps kernel: [    0.259805] ACPI: PCI Interrupt Routing Table [\_SB_.PCI0.RP02._PRT]
Jul  7 11:51:12 praveen-xps kernel: [    0.259849] ACPI: PCI Interrupt Routing Table [\_SB_.PCI0.RP04._PRT]
Jul  7 11:51:12 praveen-xps kernel: [    0.259889] ACPI: PCI Interrupt Routing Table [\_SB_.PCI0.RP05._PRT]
Jul  7 11:51:12 praveen-xps kernel: [    0.259944] ACPI: PCI Interrupt Routing Table [\_SB_.PCI0.RP06._PRT]
Jul  7 11:51:12 praveen-xps kernel: [    0.260008] \_SB_.PCI0:_OSC invalid UUID
Jul  7 11:51:12 praveen-xps kernel: [    0.260010] _OSC request data:1 1f 0 
Jul  7 11:51:12 praveen-xps kernel: [    0.260012]  pci0000:00: ACPI _OSC support notification failed, disabling PCIe ASPM
Jul  7 11:51:12 praveen-xps kernel: [    0.260014]  pci0000:00: Unable to request _OSC control (_OSC support mask: 0x08)
Jul  7 11:51:12 praveen-xps kernel: [    0.260864] ACPI: PCI Root Bridge [CPBG] (domain 0000 [bus ff])
Jul  7 11:51:12 praveen-xps kernel: [    0.260907] PCI host bridge to bus 0000:ff
Jul  7 11:51:12 praveen-xps kernel: [    0.260909] pci_bus 0000:ff: root bus resource [bus ff]
Jul  7 11:51:12 praveen-xps kernel: [    0.260915] pci 0000:ff:00.0: [8086:2c62] type 00 class 0x060000
Jul  7 11:51:12 praveen-xps kernel: [    0.260932] pci 0000:ff:00.1: [8086:2d01] type 00 class 0x060000
Jul  7 11:51:12 praveen-xps kernel: [    0.260951] pci 0000:ff:02.0: [8086:2d10] type 00 class 0x060000
Jul  7 11:51:12 praveen-xps kernel: [    0.260967] pci 0000:ff:02.1: [8086:2d11] type 00 class 0x060000
Jul  7 11:51:12 praveen-xps kernel: [    0.260983] pci 0000:ff:02.2: [8086:2d12] type 00 class 0x060000
Jul  7 11:51:12 praveen-xps kernel: [    0.260999] pci 0000:ff:02.3: [8086:2d13] type 00 class 0x060000
Jul  7 11:51:12 praveen-xps kernel: [    0.261023] pci_bus 0000:ff: on NUMA node 0
Jul  7 11:51:12 praveen-xps kernel: [    0.261028]  pci0000:ff: ACPI _OSC support notification failed, disabling PCIe ASPM
Jul  7 11:51:12 praveen-xps kernel: [    0.261030]  pci0000:ff: Unable to request _OSC control (_OSC support mask: 0x08)
Jul  7 11:51:12 praveen-xps kernel: [    0.261156] ACPI: PCI Interrupt Link [LNKA] (IRQs 1 3 4 *5 6 7 10 12 14 15)
Jul  7 11:51:12 praveen-xps kernel: [    0.261194] ACPI: PCI Interrupt Link [LNKB] (IRQs 1 3 4 5 6 *7 11 12 14 15)
Jul  7 11:51:12 praveen-xps kernel: [    0.261231] ACPI: PCI Interrupt Link [LNKC] (IRQs 1 3 4 5 6 7 10 12 14 15) *0, disabled.
Jul  7 11:51:12 praveen-xps kernel: [    0.261268] ACPI: PCI Interrupt Link [LNKD] (IRQs 1 3 4 5 6 7 11 12 14 15) *10
Jul  7 11:51:12 praveen-xps kernel: [    0.261305] ACPI: PCI Interrupt Link [LNKE] (IRQs 1 3 4 5 6 7 10 12 14 15) *0, disabled.
Jul  7 11:51:12 praveen-xps kernel: [    0.261342] ACPI: PCI Interrupt Link [LNKF] (IRQs 1 3 4 5 6 7 11 12 14 15) *0, disabled.
Jul  7 11:51:12 praveen-xps kernel: [    0.261379] ACPI: PCI Interrupt Link [LNKG] (IRQs 1 3 4 5 6 7 10 12 14 15) *11
Jul  7 11:51:12 praveen-xps kernel: [    0.261416] ACPI: PCI Interrupt Link [LNKH] (IRQs 1 3 4 5 6 7 11 12 14 15) *10
Jul  7 11:51:12 praveen-xps kernel: [    0.261500] vgaarb: device added: PCI:0000:00:02.0,decodes=io+mem,owns=io+mem,locks=none
Jul  7 11:51:12 praveen-xps kernel: [    0.261506] vgaarb: device added: PCI:0000:02:00.0,decodes=io+mem,owns=none,locks=none
Jul  7 11:51:12 praveen-xps kernel: [    0.261508] vgaarb: loaded
Jul  7 11:51:12 praveen-xps kernel: [    0.261509] vgaarb: bridge control possible 0000:02:00.0
Jul  7 11:51:12 praveen-xps kernel: [    0.261510] vgaarb: no bridge control possible 0000:00:02.0
Jul  7 11:51:12 praveen-xps kernel: [    0.261667] SCSI subsystem initialized
Jul  7 11:51:12 praveen-xps kernel: [    0.261669] ACPI: bus type scsi registered
Jul  7 11:51:12 praveen-xps kernel: [    0.261699] libata version 3.00 loaded.
Jul  7 11:51:12 praveen-xps kernel: [    0.261714] ACPI: bus type usb registered
Jul  7 11:51:12 praveen-xps kernel: [    0.261727] usbcore: registered new interface driver usbfs
Jul  7 11:51:12 praveen-xps kernel: [    0.261733] usbcore: registered new interface driver hub
Jul  7 11:51:12 praveen-xps kernel: [    0.261751] usbcore: registered new device driver usb
Jul  7 11:51:12 praveen-xps kernel: [    0.261827] PCI: Using ACPI for IRQ routing
Jul  7 11:51:12 praveen-xps kernel: [    0.271608] PCI: pci_cache_line_size set to 64 bytes
Jul  7 11:51:12 praveen-xps kernel: [    0.271734] e820: reserve RAM buffer [mem 0x0009c400-0x0009ffff]
Jul  7 11:51:12 praveen-xps kernel: [    0.271736] e820: reserve RAM buffer [mem 0x9727c000-0x97ffffff]
Jul  7 11:51:12 praveen-xps kernel: [    0.271738] e820: reserve RAM buffer [mem 0x973d8000-0x97ffffff]
Jul  7 11:51:12 praveen-xps kernel: [    0.271741] e820: reserve RAM buffer [mem 0x9745d000-0x97ffffff]
Jul  7 11:51:12 praveen-xps kernel: [    0.271743] e820: reserve RAM buffer [mem 0x97717000-0x97ffffff]
Jul  7 11:51:12 praveen-xps kernel: [    0.271745] e820: reserve RAM buffer [mem 0x97765000-0x97ffffff]
Jul  7 11:51:12 praveen-xps kernel: [    0.271746] e820: reserve RAM buffer [mem 0x977e1000-0x97ffffff]
Jul  7 11:51:12 praveen-xps kernel: [    0.271748] e820: reserve RAM buffer [mem 0x97800000-0x97ffffff]
Jul  7 11:51:12 praveen-xps kernel: [    0.271821] NetLabel: Initializing
Jul  7 11:51:12 praveen-xps kernel: [    0.271822] NetLabel:  domain hash size = 128
Jul  7 11:51:12 praveen-xps kernel: [    0.271823] NetLabel:  protocols = UNLABELED CIPSOv4
Jul  7 11:51:12 praveen-xps kernel: [    0.271831] NetLabel:  unlabeled traffic allowed by default
Jul  7 11:51:12 praveen-xps kernel: [    0.271913] hpet0: at MMIO 0xfed00000, IRQs 2, 8, 0, 0, 0, 0, 0, 0
Jul  7 11:51:12 praveen-xps kernel: [    0.271918] hpet0: 8 comparators, 64-bit 14.318180 MHz counter
Jul  7 11:51:12 praveen-xps kernel: [    0.273926] Switching to clocksource hpet
Jul  7 11:51:12 praveen-xps kernel: [    0.279138] AppArmor: AppArmor Filesystem Enabled
Jul  7 11:51:12 praveen-xps kernel: [    0.279166] pnp: PnP ACPI init
Jul  7 11:51:12 praveen-xps kernel: [    0.279179] ACPI: bus type pnp registered
Jul  7 11:51:12 praveen-xps kernel: [    0.279282] pnp 00:00: [dma 4]
Jul  7 11:51:12 praveen-xps kernel: [    0.279303] pnp 00:00: Plug and Play ACPI device, IDs PNP0200 (active)
Jul  7 11:51:12 praveen-xps kernel: [    0.279321] pnp 00:01: Plug and Play ACPI device, IDs INT0800 (active)
Jul  7 11:51:12 praveen-xps kernel: [    0.279407] pnp 00:02: Plug and Play ACPI device, IDs PNP0103 (active)
Jul  7 11:51:12 praveen-xps kernel: [    0.279431] pnp 00:03: Plug and Play ACPI device, IDs PNP0c04 (active)
Jul  7 11:51:12 praveen-xps kernel: [    0.279481] system 00:04: [io  0x0680-0x069f] has been reserved
Jul  7 11:51:12 praveen-xps kernel: [    0.279483] system 00:04: [io  0x0500-0x050f] has been reserved
Jul  7 11:51:12 praveen-xps kernel: [    0.279485] system 00:04: [io  0x0600-0x0603] has been reserved
Jul  7 11:51:12 praveen-xps kernel: [    0.279487] system 00:04: [io  0xffff] has been reserved
Jul  7 11:51:12 praveen-xps kernel: [    0.279489] system 00:04: [io  0x0400-0x047f] has been reserved
Jul  7 11:51:12 praveen-xps kernel: [    0.279492] system 00:04: [io  0x1180-0x11ff] has been reserved
Jul  7 11:51:12 praveen-xps kernel: [    0.279494] system 00:04: [io  0x164e-0x164f] has been reserved
Jul  7 11:51:12 praveen-xps kernel: [    0.279496] system 00:04: [io  0xfe00] has been reserved
Jul  7 11:51:12 praveen-xps kernel: [    0.279498] system 00:04: Plug and Play ACPI device, IDs PNP0c02 (active)
Jul  7 11:51:12 praveen-xps kernel: [    0.279535] pnp 00:05: Plug and Play ACPI device, IDs PNP0b00 (active)
Jul  7 11:51:12 praveen-xps kernel: [    0.279559] pnp 00:06: Plug and Play ACPI device, IDs PNP0303 (active)
Jul  7 11:51:12 praveen-xps kernel: [    0.279581] pnp 00:07: Plug and Play ACPI device, IDs DLL046e PNP0f13 (active)
Jul  7 11:51:12 praveen-xps kernel: [    0.279835] system 00:08: [mem 0xfed1c000-0xfed1ffff] has been reserved
Jul  7 11:51:12 praveen-xps kernel: [    0.279838] system 00:08: [mem 0xfed10000-0xfed13fff] has been reserved
Jul  7 11:51:12 praveen-xps kernel: [    0.279839] system 00:08: [mem 0xfed18000-0xfed18fff] has been reserved
Jul  7 11:51:12 praveen-xps kernel: [    0.279841] system 00:08: [mem 0xfed19000-0xfed19fff] has been reserved
Jul  7 11:51:12 praveen-xps kernel: [    0.279843] system 00:08: [mem 0xe0000000-0xefffffff] has been reserved
Jul  7 11:51:12 praveen-xps kernel: [    0.279845] system 00:08: [mem 0xfeaff000-0xfeafffff] has been reserved
Jul  7 11:51:12 praveen-xps kernel: [    0.279847] system 00:08: [mem 0xfed20000-0xfed3ffff] has been reserved
Jul  7 11:51:12 praveen-xps kernel: [    0.279849] system 00:08: [mem 0xfed40000-0xfed44fff] has been reserved
Jul  7 11:51:12 praveen-xps kernel: [    0.279851] system 00:08: [mem 0xfed45000-0xfed8ffff] has been reserved
Jul  7 11:51:12 praveen-xps kernel: [    0.279853] system 00:08: [mem 0xff000000-0xffffffff] has been reserved
Jul  7 11:51:12 praveen-xps kernel: [    0.279855] system 00:08: [mem 0xfee00000-0xfeefffff] could not be reserved
Jul  7 11:51:12 praveen-xps kernel: [    0.279857] system 00:08: Plug and Play ACPI device, IDs PNP0c02 (active)
Jul  7 11:51:12 praveen-xps kernel: [    0.279985] pnp 00:09: Plug and Play ACPI device, IDs SMO8800 (active)
Jul  7 11:51:12 praveen-xps kernel: [    0.280618] pnp: PnP ACPI: found 10 devices
Jul  7 11:51:12 praveen-xps kernel: [    0.280621] ACPI: ACPI bus type pnp unregistered
Jul  7 11:51:12 praveen-xps kernel: [    0.280624] PnPBIOS: Disabled by ACPI PNP
Jul  7 11:51:12 praveen-xps kernel: [    0.316817] pci 0000:00:1c.0: bridge window [io  0x1000-0x0fff] to [bus 03] add_size 1000
Jul  7 11:51:12 praveen-xps kernel: [    0.316821] pci 0000:00:1c.0: bridge window [mem 0x00100000-0x000fffff 64bit pref] to [bus 03] add_size 200000
Jul  7 11:51:12 praveen-xps kernel: [    0.316823] pci 0000:00:1c.0: bridge window [mem 0x00100000-0x000fffff] to [bus 03] add_size 200000
Jul  7 11:51:12 praveen-xps kernel: [    0.316834] pci 0000:00:1c.1: bridge window [io  0x1000-0x0fff] to [bus 04] add_size 1000
Jul  7 11:51:12 praveen-xps kernel: [    0.316836] pci 0000:00:1c.1: bridge window [mem 0x00100000-0x000fffff 64bit pref] to [bus 04] add_size 200000
Jul  7 11:51:12 praveen-xps kernel: [    0.316863] pci 0000:00:1c.5: bridge window [mem 0x00100000-0x000fffff] to [bus 09] add_size 400000
Jul  7 11:51:12 praveen-xps kernel: [    0.316877] pci 0000:00:1c.0: res[14]=[mem 0x00100000-0x000fffff] get_res_add_size add_size 200000
Jul  7 11:51:12 praveen-xps kernel: [    0.316879] pci 0000:00:1c.0: res[15]=[mem 0x00100000-0x000fffff 64bit pref] get_res_add_size add_size 200000
Jul  7 11:51:12 praveen-xps kernel: [    0.316881] pci 0000:00:1c.1: res[15]=[mem 0x00100000-0x000fffff 64bit pref] get_res_add_size add_size 200000
Jul  7 11:51:12 praveen-xps kernel: [    0.316882] pci 0000:00:1c.5: res[14]=[mem 0x00100000-0x000fffff] get_res_add_size add_size 400000
Jul  7 11:51:12 praveen-xps kernel: [    0.316884] pci 0000:00:1c.0: res[13]=[io  0x1000-0x0fff] get_res_add_size add_size 1000
Jul  7 11:51:12 praveen-xps kernel: [    0.316886] pci 0000:00:1c.1: res[13]=[io  0x1000-0x0fff] get_res_add_size add_size 1000
Jul  7 11:51:12 praveen-xps kernel: [    0.316891] pci 0000:00:1c.0: BAR 14: assigned [mem 0xa0000000-0xa01fffff]
Jul  7 11:51:12 praveen-xps kernel: [    0.316895] pci 0000:00:1c.0: BAR 15: assigned [mem 0xa0200000-0xa03fffff 64bit pref]
Jul  7 11:51:12 praveen-xps kernel: [    0.316898] pci 0000:00:1c.1: BAR 15: assigned [mem 0xa0400000-0xa05fffff 64bit pref]
Jul  7 11:51:12 praveen-xps kernel: [    0.316900] pci 0000:00:1c.5: BAR 14: assigned [mem 0xa0600000-0xa09fffff]
Jul  7 11:51:12 praveen-xps kernel: [    0.316903] pci 0000:00:1c.0: BAR 13: assigned [io  0x6000-0x6fff]
Jul  7 11:51:12 praveen-xps kernel: [    0.316905] pci 0000:00:1c.1: BAR 13: assigned [io  0x7000-0x7fff]
Jul  7 11:51:12 praveen-xps kernel: [    0.316909] pci 0000:02:00.0: BAR 6: assigned [mem 0xad000000-0xad07ffff pref]
Jul  7 11:51:12 praveen-xps kernel: [    0.316911] pci 0000:00:01.0: PCI bridge to [bus 02]
Jul  7 11:51:12 praveen-xps kernel: [    0.316914] pci 0000:00:01.0:   bridge window [io  0x2000-0x2fff]
Jul  7 11:51:12 praveen-xps kernel: [    0.316916] pci 0000:00:01.0:   bridge window [mem 0xac000000-0xadefffff]
Jul  7 11:51:12 praveen-xps kernel: [    0.316919] pci 0000:00:01.0:   bridge window [mem 0xae000000-0xbfffffff 64bit pref]
Jul  7 11:51:12 praveen-xps kernel: [    0.316922] pci 0000:00:1c.0: PCI bridge to [bus 03]
Jul  7 11:51:12 praveen-xps kernel: [    0.316925] pci 0000:00:1c.0:   bridge window [io  0x6000-0x6fff]
Jul  7 11:51:12 praveen-xps kernel: [    0.316931] pci 0000:00:1c.0:   bridge window [mem 0xa0000000-0xa01fffff]
Jul  7 11:51:12 praveen-xps kernel: [    0.316936] pci 0000:00:1c.0:   bridge window [mem 0xa0200000-0xa03fffff 64bit pref]
Jul  7 11:51:12 praveen-xps kernel: [    0.316943] pci 0000:00:1c.1: PCI bridge to [bus 04]
Jul  7 11:51:12 praveen-xps kernel: [    0.316946] pci 0000:00:1c.1:   bridge window [io  0x7000-0x7fff]
Jul  7 11:51:12 praveen-xps kernel: [    0.316952] pci 0000:00:1c.1:   bridge window [mem 0xf0400000-0xf04fffff]
Jul  7 11:51:12 praveen-xps kernel: [    0.316956] pci 0000:00:1c.1:   bridge window [mem 0xa0400000-0xa05fffff 64bit pref]
Jul  7 11:51:12 praveen-xps kernel: [    0.316964] pci 0000:00:1c.3: PCI bridge to [bus 05-06]
Jul  7 11:51:12 praveen-xps kernel: [    0.316967] pci 0000:00:1c.3:   bridge window [io  0x3000-0x3fff]
Jul  7 11:51:12 praveen-xps kernel: [    0.316972] pci 0000:00:1c.3:   bridge window [mem 0xf0500000-0xf05fffff]
Jul  7 11:51:12 praveen-xps kernel: [    0.316977] pci 0000:00:1c.3:   bridge window [mem 0xf0c00000-0xf0dfffff 64bit pref]
Jul  7 11:51:12 praveen-xps kernel: [    0.316985] pci 0000:00:1c.4: PCI bridge to [bus 07-08]
Jul  7 11:51:12 praveen-xps kernel: [    0.316988] pci 0000:00:1c.4:   bridge window [io  0x4000-0x4fff]
Jul  7 11:51:12 praveen-xps kernel: [    0.316993] pci 0000:00:1c.4:   bridge window [mem 0xf0600000-0xf06fffff]
Jul  7 11:51:12 praveen-xps kernel: [    0.316998] pci 0000:00:1c.4:   bridge window [mem 0xf0e00000-0xf0ffffff 64bit pref]
Jul  7 11:51:12 praveen-xps kernel: [    0.317005] pci 0000:00:1c.5: PCI bridge to [bus 09]
Jul  7 11:51:12 praveen-xps kernel: [    0.317008] pci 0000:00:1c.5:   bridge window [io  0x5000-0x5fff]
Jul  7 11:51:12 praveen-xps kernel: [    0.317014] pci 0000:00:1c.5:   bridge window [mem 0xa0600000-0xa09fffff]
Jul  7 11:51:12 praveen-xps kernel: [    0.317019] pci 0000:00:1c.5:   bridge window [mem 0xf0a00000-0xf0afffff 64bit pref]
Jul  7 11:51:12 praveen-xps kernel: [    0.317026] pci 0000:00:1e.0: PCI bridge to [bus 0a]
Jul  7 11:51:12 praveen-xps kernel: [    0.317083] pci 0000:00:1e.0: setting latency timer to 64
Jul  7 11:51:12 praveen-xps kernel: [    0.317087] pci_bus 0000:00: resource 4 [io  0x0000-0x0cf7]
Jul  7 11:51:12 praveen-xps kernel: [    0.317088] pci_bus 0000:00: resource 5 [io  0x0d00-0xffff]
Jul  7 11:51:12 praveen-xps kernel: [    0.317090] pci_bus 0000:00: resource 6 [mem 0x000a0000-0x000bffff]
Jul  7 11:51:12 praveen-xps kernel: [    0.317092] pci_bus 0000:00: resource 7 [mem 0x000d0000-0x000d3fff]
Jul  7 11:51:12 praveen-xps kernel: [    0.317093] pci_bus 0000:00: resource 8 [mem 0x000d4000-0x000d7fff]
Jul  7 11:51:12 praveen-xps kernel: [    0.317095] pci_bus 0000:00: resource 9 [mem 0x000d8000-0x000dbfff]
Jul  7 11:51:12 praveen-xps kernel: [    0.317096] pci_bus 0000:00: resource 10 [mem 0x000dc000-0x000dffff]
Jul  7 11:51:12 praveen-xps kernel: [    0.317098] pci_bus 0000:00: resource 11 [mem 0xa0000000-0xdfffffff]
Jul  7 11:51:12 praveen-xps kernel: [    0.317099] pci_bus 0000:00: resource 12 [mem 0xf0000000-0xfebfffff]
Jul  7 11:51:12 praveen-xps kernel: [    0.317101] pci_bus 0000:02: resource 0 [io  0x2000-0x2fff]
Jul  7 11:51:12 praveen-xps kernel: [    0.317103] pci_bus 0000:02: resource 1 [mem 0xac000000-0xadefffff]
Jul  7 11:51:12 praveen-xps kernel: [    0.317104] pci_bus 0000:02: resource 2 [mem 0xae000000-0xbfffffff 64bit pref]
Jul  7 11:51:12 praveen-xps kernel: [    0.317106] pci_bus 0000:03: resource 0 [io  0x6000-0x6fff]
Jul  7 11:51:12 praveen-xps kernel: [    0.317108] pci_bus 0000:03: resource 1 [mem 0xa0000000-0xa01fffff]
Jul  7 11:51:12 praveen-xps kernel: [    0.317109] pci_bus 0000:03: resource 2 [mem 0xa0200000-0xa03fffff 64bit pref]
Jul  7 11:51:12 praveen-xps kernel: [    0.317111] pci_bus 0000:04: resource 0 [io  0x7000-0x7fff]
Jul  7 11:51:12 praveen-xps kernel: [    0.317113] pci_bus 0000:04: resource 1 [mem 0xf0400000-0xf04fffff]
Jul  7 11:51:12 praveen-xps kernel: [    0.317114] pci_bus 0000:04: resource 2 [mem 0xa0400000-0xa05fffff 64bit pref]
Jul  7 11:51:12 praveen-xps kernel: [    0.317116] pci_bus 0000:05: resource 0 [io  0x3000-0x3fff]
Jul  7 11:51:12 praveen-xps kernel: [    0.317118] pci_bus 0000:05: resource 1 [mem 0xf0500000-0xf05fffff]
Jul  7 11:51:12 praveen-xps kernel: [    0.317119] pci_bus 0000:05: resource 2 [mem 0xf0c00000-0xf0dfffff 64bit pref]
Jul  7 11:51:12 praveen-xps kernel: [    0.317121] pci_bus 0000:07: resource 0 [io  0x4000-0x4fff]
Jul  7 11:51:12 praveen-xps kernel: [    0.317123] pci_bus 0000:07: resource 1 [mem 0xf0600000-0xf06fffff]
Jul  7 11:51:12 praveen-xps kernel: [    0.317124] pci_bus 0000:07: resource 2 [mem 0xf0e00000-0xf0ffffff 64bit pref]
Jul  7 11:51:12 praveen-xps kernel: [    0.317126] pci_bus 0000:09: resource 0 [io  0x5000-0x5fff]
Jul  7 11:51:12 praveen-xps kernel: [    0.317128] pci_bus 0000:09: resource 1 [mem 0xa0600000-0xa09fffff]
Jul  7 11:51:12 praveen-xps kernel: [    0.317129] pci_bus 0000:09: resource 2 [mem 0xf0a00000-0xf0afffff 64bit pref]
Jul  7 11:51:12 praveen-xps kernel: [    0.317131] pci_bus 0000:0a: resource 4 [io  0x0000-0x0cf7]
Jul  7 11:51:12 praveen-xps kernel: [    0.317133] pci_bus 0000:0a: resource 5 [io  0x0d00-0xffff]
Jul  7 11:51:12 praveen-xps kernel: [    0.317134] pci_bus 0000:0a: resource 6 [mem 0x000a0000-0x000bffff]
Jul  7 11:51:12 praveen-xps kernel: [    0.317136] pci_bus 0000:0a: resource 7 [mem 0x000d0000-0x000d3fff]
Jul  7 11:51:12 praveen-xps kernel: [    0.317137] pci_bus 0000:0a: resource 8 [mem 0x000d4000-0x000d7fff]
Jul  7 11:51:12 praveen-xps kernel: [    0.317139] pci_bus 0000:0a: resource 9 [mem 0x000d8000-0x000dbfff]
Jul  7 11:51:12 praveen-xps kernel: [    0.317141] pci_bus 0000:0a: resource 10 [mem 0x000dc000-0x000dffff]
Jul  7 11:51:12 praveen-xps kernel: [    0.317142] pci_bus 0000:0a: resource 11 [mem 0xa0000000-0xdfffffff]
Jul  7 11:51:12 praveen-xps kernel: [    0.317144] pci_bus 0000:0a: resource 12 [mem 0xf0000000-0xfebfffff]
Jul  7 11:51:12 praveen-xps kernel: [    0.317172] NET: Registered protocol family 2
Jul  7 11:51:12 praveen-xps kernel: [    0.317290] TCP established hash table entries: 8192 (order: 4, 65536 bytes)
Jul  7 11:51:12 praveen-xps kernel: [    0.317311] TCP bind hash table entries: 8192 (order: 4, 65536 bytes)
Jul  7 11:51:12 praveen-xps kernel: [    0.317331] TCP: Hash tables configured (established 8192 bind 8192)
Jul  7 11:51:12 praveen-xps kernel: [    0.317348] TCP: reno registered
Jul  7 11:51:12 praveen-xps kernel: [    0.317350] UDP hash table entries: 512 (order: 2, 16384 bytes)
Jul  7 11:51:12 praveen-xps kernel: [    0.317356] UDP-Lite hash table entries: 512 (order: 2, 16384 bytes)
Jul  7 11:51:12 praveen-xps kernel: [    0.317405] NET: Registered protocol family 1
Jul  7 11:51:12 praveen-xps kernel: [    0.317416] pci 0000:00:02.0: Boot video device
Jul  7 11:51:12 praveen-xps kernel: [    0.317591] PCI: CLS 64 bytes, default 64
Jul  7 11:51:12 praveen-xps kernel: [    0.317628] Trying to unpack rootfs image as initramfs...
Jul  7 11:51:12 praveen-xps kernel: [    0.561533] Freeing initrd memory: 15744k freed
Jul  7 11:51:12 praveen-xps kernel: [    0.564962] Simple Boot Flag at 0x36 set to 0x1
Jul  7 11:51:12 praveen-xps kernel: [    0.565380] Initialise module verification
Jul  7 11:51:12 praveen-xps kernel: [    0.565416] audit: initializing netlink socket (disabled)
Jul  7 11:51:12 praveen-xps kernel: [    0.565428] type=2000 audit(1404714052.444:1): initialized
Jul  7 11:51:12 praveen-xps kernel: [    0.583229] bounce pool size: 64 pages
Jul  7 11:51:12 praveen-xps kernel: [    0.583240] HugeTLB registered 2 MB page size, pre-allocated 0 pages
Jul  7 11:51:12 praveen-xps kernel: [    0.584583] VFS: Disk quotas dquot_6.5.2
Jul  7 11:51:12 praveen-xps kernel: [    0.584624] Dquot-cache hash table entries: 1024 (order 0, 4096 bytes)
Jul  7 11:51:12 praveen-xps kernel: [    0.585044] fuse init (API version 7.20)
Jul  7 11:51:12 praveen-xps kernel: [    0.585113] msgmni has been set to 1651
Jul  7 11:51:12 praveen-xps kernel: [    0.585679] Key type asymmetric registered
Jul  7 11:51:12 praveen-xps kernel: [    0.585681] Asymmetric key parser 'x509' registered
Jul  7 11:51:12 praveen-xps kernel: [    0.585714] Block layer SCSI generic (bsg) driver version 0.4 loaded (major 252)
Jul  7 11:51:12 praveen-xps kernel: [    0.585741] io scheduler noop registered
Jul  7 11:51:12 praveen-xps kernel: [    0.585743] io scheduler deadline registered (default)
Jul  7 11:51:12 praveen-xps kernel: [    0.585749] io scheduler cfq registered
Jul  7 11:51:12 praveen-xps kernel: [    0.585862] pcieport 0000:00:01.0: irq 40 for MSI/MSI-X
Jul  7 11:51:12 praveen-xps kernel: [    0.586141] pci_hotplug: PCI Hot Plug PCI Core version: 0.5
Jul  7 11:51:12 praveen-xps kernel: [    0.586153] pciehp: PCI Express Hot Plug Controller Driver version: 0.4
Jul  7 11:51:12 praveen-xps kernel: [    0.586193] intel_idle: MWAIT substates: 0x1120
Jul  7 11:51:12 praveen-xps kernel: [    0.586194] intel_idle: v0.4 model 0x25
Jul  7 11:51:12 praveen-xps kernel: [    0.586195] intel_idle: lapic_timer_reliable_states 0xffffffff
Jul  7 11:51:12 praveen-xps kernel: [    0.784714] ACPI: AC Adapter [ADP1] (on-line)
Jul  7 11:51:12 praveen-xps kernel: [    0.784810] input: Power Button as /devices/LNXSYSTM:00/LNXSYBUS:00/PNP0C0C:00/input/input0
Jul  7 11:51:12 praveen-xps kernel: [    0.784815] ACPI: Power Button [PWRB]
Jul  7 11:51:12 praveen-xps kernel: [    0.784840] input: Sleep Button as /devices/LNXSYSTM:00/LNXSYBUS:00/PNP0C0E:00/input/input1
Jul  7 11:51:12 praveen-xps kernel: [    0.784842] ACPI: Sleep Button [SLPB]
Jul  7 11:51:12 praveen-xps kernel: [    0.784868] input: Lid Switch as /devices/LNXSYSTM:00/LNXSYBUS:00/PNP0C0D:00/input/input2
Jul  7 11:51:12 praveen-xps kernel: [    0.785716] ACPI: Lid Switch [LID0]
Jul  7 11:51:12 praveen-xps kernel: [    0.785751] input: Power Button as /devices/LNXSYSTM:00/LNXPWRBN:00/input/input3
Jul  7 11:51:12 praveen-xps kernel: [    0.785754] ACPI: Power Button [PWRF]
Jul  7 11:51:12 praveen-xps kernel: [    0.785800] ACPI: Fan [FAN0] (off)
Jul  7 11:51:12 praveen-xps kernel: [    0.785822] ACPI: Fan [FAN1] (off)
Jul  7 11:51:12 praveen-xps kernel: [    0.785862] ACPI: Requesting acpi_cpufreq
Jul  7 11:51:12 praveen-xps kernel: [    0.790756] thermal LNXTHERM:00: registered as thermal_zone0
Jul  7 11:51:12 praveen-xps kernel: [    0.790758] ACPI: Thermal Zone [TZ00] (27 C)
Jul  7 11:51:12 praveen-xps kernel: [    0.790989] thermal LNXTHERM:01: registered as thermal_zone1
Jul  7 11:51:12 praveen-xps kernel: [    0.790991] ACPI: Thermal Zone [TZ01] (0 C)
Jul  7 11:51:12 praveen-xps kernel: [    0.791013] GHES: HEST is not enabled!
Jul  7 11:51:12 praveen-xps kernel: [    0.791072] isapnp: Scanning for PnP cards...
Jul  7 11:51:12 praveen-xps kernel: [    0.791086] Serial: 8250/16550 driver, 32 ports, IRQ sharing enabled
Jul  7 11:51:12 praveen-xps kernel: [    0.797037] Linux agpgart interface v0.103
Jul  7 11:51:12 praveen-xps kernel: [    0.797106] agpgart-intel 0000:00:00.0: Intel HD Graphics Chipset
Jul  7 11:51:12 praveen-xps kernel: [    0.797166] agpgart-intel 0000:00:00.0: detected gtt size: 2097152K total, 262144K mappable
Jul  7 11:51:12 praveen-xps kernel: [    0.797851] agpgart-intel 0000:00:00.0: detected 65536K stolen memory
Jul  7 11:51:12 praveen-xps kernel: [    0.798016] agpgart-intel 0000:00:00.0: AGP aperture is 256M @ 0xd0000000
Jul  7 11:51:12 praveen-xps kernel: [    0.799179] brd: module loaded
Jul  7 11:51:12 praveen-xps kernel: [    0.799771] loop: module loaded
Jul  7 11:51:12 praveen-xps kernel: [    0.800050] libphy: Fixed MDIO Bus: probed
Jul  7 11:51:12 praveen-xps kernel: [    0.800097] tun: Universal TUN/TAP device driver, 1.6
Jul  7 11:51:12 praveen-xps kernel: [    0.800098] tun: (C) 1999-2004 Max Krasnyansky <maxk@qualcomm.com>
Jul  7 11:51:12 praveen-xps kernel: [    0.800137] PPP generic driver version 2.4.2
Jul  7 11:51:12 praveen-xps kernel: [    0.800180] ehci_hcd: USB 2.0 'Enhanced' Host Controller (EHCI) Driver
Jul  7 11:51:12 praveen-xps kernel: [    0.800183] ehci-pci: EHCI PCI platform driver
Jul  7 11:51:12 praveen-xps kernel: [    0.800216] ehci-pci 0000:00:1a.0: setting latency timer to 64
Jul  7 11:51:12 praveen-xps kernel: [    0.800220] ehci-pci 0000:00:1a.0: EHCI Host Controller
Jul  7 11:51:12 praveen-xps kernel: [    0.800225] ehci-pci 0000:00:1a.0: new USB bus registered, assigned bus number 1
Jul  7 11:51:12 praveen-xps kernel: [    0.800242] ehci-pci 0000:00:1a.0: debug port 2
Jul  7 11:51:12 praveen-xps kernel: [    0.804236] ehci-pci 0000:00:1a.0: cache line size of 64 is not supported
Jul  7 11:51:12 praveen-xps kernel: [    0.804262] ehci-pci 0000:00:1a.0: irq 16, io mem 0xf0907000
Jul  7 11:51:12 praveen-xps kernel: [    0.808752] ACPI: Battery Slot [BAT0] (battery present)
Jul  7 11:51:12 praveen-xps kernel: [    0.812603] ehci-pci 0000:00:1a.0: USB 2.0 started, EHCI 1.00
Jul  7 11:51:12 praveen-xps kernel: [    0.812636] usb usb1: New USB device found, idVendor=1d6b, idProduct=0002
Jul  7 11:51:12 praveen-xps kernel: [    0.812638] usb usb1: New USB device strings: Mfr=3, Product=2, SerialNumber=1
Jul  7 11:51:12 praveen-xps kernel: [    0.812640] usb usb1: Product: EHCI Host Controller
Jul  7 11:51:12 praveen-xps kernel: [    0.812641] usb usb1: Manufacturer: Linux 3.8.0-35-generic ehci_hcd
Jul  7 11:51:12 praveen-xps kernel: [    0.812643] usb usb1: SerialNumber: 0000:00:1a.0
Jul  7 11:51:12 praveen-xps kernel: [    0.812763] hub 1-0:1.0: USB hub found
Jul  7 11:51:12 praveen-xps kernel: [    0.812766] hub 1-0:1.0: 3 ports detected
Jul  7 11:51:12 praveen-xps kernel: [    0.812859] ehci-pci 0000:00:1d.0: setting latency timer to 64
Jul  7 11:51:12 praveen-xps kernel: [    0.812862] ehci-pci 0000:00:1d.0: EHCI Host Controller
Jul  7 11:51:12 praveen-xps kernel: [    0.812866] ehci-pci 0000:00:1d.0: new USB bus registered, assigned bus number 2
Jul  7 11:51:12 praveen-xps kernel: [    0.812879] ehci-pci 0000:00:1d.0: debug port 2
Jul  7 11:51:12 praveen-xps kernel: [    0.816858] ehci-pci 0000:00:1d.0: cache line size of 64 is not supported
Jul  7 11:51:12 praveen-xps kernel: [    0.816872] ehci-pci 0000:00:1d.0: irq 23, io mem 0xf0907400
Jul  7 11:51:12 praveen-xps kernel: [    0.828570] ehci-pci 0000:00:1d.0: USB 2.0 started, EHCI 1.00
Jul  7 11:51:12 praveen-xps kernel: [    0.828581] usb usb2: New USB device found, idVendor=1d6b, idProduct=0002
Jul  7 11:51:12 praveen-xps kernel: [    0.828582] usb usb2: New USB device strings: Mfr=3, Product=2, SerialNumber=1
Jul  7 11:51:12 praveen-xps kernel: [    0.828584] usb usb2: Product: EHCI Host Controller
Jul  7 11:51:12 praveen-xps kernel: [    0.828585] usb usb2: Manufacturer: Linux 3.8.0-35-generic ehci_hcd
Jul  7 11:51:12 praveen-xps kernel: [    0.828587] usb usb2: SerialNumber: 0000:00:1d.0
Jul  7 11:51:12 praveen-xps kernel: [    0.828680] hub 2-0:1.0: USB hub found
Jul  7 11:51:12 praveen-xps kernel: [    0.828684] hub 2-0:1.0: 3 ports detected
Jul  7 11:51:12 praveen-xps kernel: [    0.828756] ehci-platform: EHCI generic platform driver
Jul  7 11:51:12 praveen-xps kernel: [    0.828762] ohci_hcd: USB 1.1 'Open' Host Controller (OHCI) Driver
Jul  7 11:51:12 praveen-xps kernel: [    0.828774] uhci_hcd: USB Universal Host Controller Interface driver
Jul  7 11:51:12 praveen-xps kernel: [    0.828815] xhci_hcd 0000:05:00.0: xHCI Host Controller
Jul  7 11:51:12 praveen-xps kernel: [    0.828818] xhci_hcd 0000:05:00.0: new USB bus registered, assigned bus number 3
Jul  7 11:51:12 praveen-xps kernel: [    0.829123] xhci_hcd 0000:05:00.0: irq 41 for MSI/MSI-X
Jul  7 11:51:12 praveen-xps kernel: [    0.829128] xhci_hcd 0000:05:00.0: irq 42 for MSI/MSI-X
Jul  7 11:51:12 praveen-xps kernel: [    0.829133] xhci_hcd 0000:05:00.0: irq 43 for MSI/MSI-X
Jul  7 11:51:12 praveen-xps kernel: [    0.829138] xhci_hcd 0000:05:00.0: irq 44 for MSI/MSI-X
Jul  7 11:51:12 praveen-xps kernel: [    0.829144] xhci_hcd 0000:05:00.0: irq 45 for MSI/MSI-X
Jul  7 11:51:12 praveen-xps kernel: [    0.829276] usb usb3: New USB device found, idVendor=1d6b, idProduct=0002
Jul  7 11:51:12 praveen-xps kernel: [    0.829278] usb usb3: New USB device strings: Mfr=3, Product=2, SerialNumber=1
Jul  7 11:51:12 praveen-xps kernel: [    0.829279] usb usb3: Product: xHCI Host Controller
Jul  7 11:51:12 praveen-xps kernel: [    0.829281] usb usb3: Manufacturer: Linux 3.8.0-35-generic xhci_hcd
Jul  7 11:51:12 praveen-xps kernel: [    0.829282] usb usb3: SerialNumber: 0000:05:00.0
Jul  7 11:51:12 praveen-xps kernel: [    0.829344] xHCI xhci_add_endpoint called for root hub
Jul  7 11:51:12 praveen-xps kernel: [    0.829345] xHCI xhci_check_bandwidth called for root hub
Jul  7 11:51:12 praveen-xps kernel: [    0.829361] hub 3-0:1.0: USB hub found
Jul  7 11:51:12 praveen-xps kernel: [    0.829370] hub 3-0:1.0: 2 ports detected
Jul  7 11:51:12 praveen-xps kernel: [    0.829426] xhci_hcd 0000:05:00.0: xHCI Host Controller
Jul  7 11:51:12 praveen-xps kernel: [    0.829429] xhci_hcd 0000:05:00.0: new USB bus registered, assigned bus number 4
Jul  7 11:51:12 praveen-xps kernel: [    0.832344] usb usb4: New USB device found, idVendor=1d6b, idProduct=0003
Jul  7 11:51:12 praveen-xps kernel: [    0.832345] usb usb4: New USB device strings: Mfr=3, Product=2, SerialNumber=1
Jul  7 11:51:12 praveen-xps kernel: [    0.832347] usb usb4: Product: xHCI Host Controller
Jul  7 11:51:12 praveen-xps kernel: [    0.832348] usb usb4: Manufacturer: Linux 3.8.0-35-generic xhci_hcd
Jul  7 11:51:12 praveen-xps kernel: [    0.832350] usb usb4: SerialNumber: 0000:05:00.0
Jul  7 11:51:12 praveen-xps kernel: [    0.832413] xHCI xhci_add_endpoint called for root hub
Jul  7 11:51:12 praveen-xps kernel: [    0.832414] xHCI xhci_check_bandwidth called for root hub
Jul  7 11:51:12 praveen-xps kernel: [    0.832429] hub 4-0:1.0: USB hub found
Jul  7 11:51:12 praveen-xps kernel: [    0.832439] hub 4-0:1.0: 2 ports detected
Jul  7 11:51:12 praveen-xps kernel: [    1.123840] usb 1-1: new high-speed USB device number 2 using ehci-pci
Jul  7 11:51:12 praveen-xps kernel: [    1.152287] isapnp: No Plug & Play device found
Jul  7 11:51:12 praveen-xps kernel: [    1.163859] i8042: PNP: PS/2 Controller [PNP0303:PS2K,PNP0f13:PS2M] at 0x60,0x64 irq 1,12
Jul  7 11:51:12 praveen-xps kernel: [    1.170041] serio: i8042 KBD port at 0x60,0x64 irq 1
Jul  7 11:51:12 praveen-xps kernel: [    1.170046] serio: i8042 AUX port at 0x60,0x64 irq 12
Jul  7 11:51:12 praveen-xps kernel: [    1.170150] mousedev: PS/2 mouse device common for all mice
Jul  7 11:51:12 praveen-xps kernel: [    1.170356] rtc_cmos 00:05: RTC can wake from S4
Jul  7 11:51:12 praveen-xps kernel: [    1.170488] rtc_cmos 00:05: rtc core: registered rtc_cmos as rtc0
Jul  7 11:51:12 praveen-xps kernel: [    1.170519] rtc0: alarms up to one month, y3k, 242 bytes nvram, hpet irqs
Jul  7 11:51:12 praveen-xps kernel: [    1.170589] device-mapper: uevent: version 1.0.3
Jul  7 11:51:12 praveen-xps kernel: [    1.170657] device-mapper: ioctl: 4.23.1-ioctl (2012-12-18) initialised: dm-devel@redhat.com
Jul  7 11:51:12 praveen-xps kernel: [    1.170673] EISA: Probing bus 0 at eisa.0
Jul  7 11:51:12 praveen-xps kernel: [    1.170675] EISA: Cannot allocate resource for mainboard
Jul  7 11:51:12 praveen-xps kernel: [    1.170677] Cannot allocate resource for EISA slot 1
Jul  7 11:51:12 praveen-xps kernel: [    1.170678] Cannot allocate resource for EISA slot 2
Jul  7 11:51:12 praveen-xps kernel: [    1.170680] Cannot allocate resource for EISA slot 3
Jul  7 11:51:12 praveen-xps kernel: [    1.170681] Cannot allocate resource for EISA slot 4
Jul  7 11:51:12 praveen-xps kernel: [    1.170683] Cannot allocate resource for EISA slot 5
Jul  7 11:51:12 praveen-xps kernel: [    1.170684] Cannot allocate resource for EISA slot 6
Jul  7 11:51:12 praveen-xps kernel: [    1.170685] Cannot allocate resource for EISA slot 7
Jul  7 11:51:12 praveen-xps kernel: [    1.170687] Cannot allocate resource for EISA slot 8
Jul  7 11:51:12 praveen-xps kernel: [    1.170688] EISA: Detected 0 cards.
Jul  7 11:51:12 praveen-xps kernel: [    1.170697] cpufreq-nforce2: No nForce2 chipset.
Jul  7 11:51:12 praveen-xps kernel: [    1.170751] cpuidle: using governor ladder
Jul  7 11:51:12 praveen-xps kernel: [    1.170826] cpuidle: using governor menu
Jul  7 11:51:12 praveen-xps kernel: [    1.170829] ledtrig-cpu: registered to indicate activity on CPUs
Jul  7 11:51:12 praveen-xps kernel: [    1.170830] EFI Variables Facility v0.08 2004-May-17
Jul  7 11:51:12 praveen-xps kernel: [    1.170998] ashmem: initialized
Jul  7 11:51:12 praveen-xps kernel: [    1.171101] TCP: cubic registered
Jul  7 11:51:12 praveen-xps kernel: [    1.171178] NET: Registered protocol family 10
Jul  7 11:51:12 praveen-xps kernel: [    1.171317] NET: Registered protocol family 17
Jul  7 11:51:12 praveen-xps kernel: [    1.171330] Key type dns_resolver registered
Jul  7 11:51:12 praveen-xps kernel: [    1.171474] Using IPI No-Shortcut mode
Jul  7 11:51:12 praveen-xps kernel: [    1.171557] Loading module verification certificates
Jul  7 11:51:12 praveen-xps kernel: [    1.176288] MODSIGN: Loaded cert 'Magrathea: Glacier signing key: bab43694c655e6aee9fceadd34ffb05cf4363bc5'
Jul  7 11:51:12 praveen-xps kernel: [    1.176306] registered taskstats version 1
Jul  7 11:51:12 praveen-xps kernel: [    1.178127] input: AT Translated Set 2 keyboard as /devices/platform/i8042/serio0/input/input4
Jul  7 11:51:12 praveen-xps kernel: [    1.180159] Key type trusted registered
Jul  7 11:51:12 praveen-xps kernel: [    1.183285] Key type encrypted registered
Jul  7 11:51:12 praveen-xps kernel: [    1.185984] rtc_cmos 00:05: setting system clock to 2014-07-07 06:20:53 UTC (1404714053)
Jul  7 11:51:12 praveen-xps kernel: [    1.186906] BIOS EDD facility v0.16 2004-Jun-25, 0 devices found
Jul  7 11:51:12 praveen-xps kernel: [    1.186907] EDD information not available.
Jul  7 11:51:12 praveen-xps kernel: [    1.187073] Freeing unused kernel memory: 792k freed
Jul  7 11:51:12 praveen-xps kernel: [    1.187263] Write protecting the kernel text: 6264k
Jul  7 11:51:12 praveen-xps kernel: [    1.187325] Write protecting the kernel read-only data: 2484k
Jul  7 11:51:12 praveen-xps kernel: [    1.187326] NX-protecting the kernel data: 3976k
Jul  7 11:51:12 praveen-xps kernel: [    1.256247] usb 1-1: New USB device found, idVendor=8087, idProduct=0020
Jul  7 11:51:12 praveen-xps kernel: [    1.256255] usb 1-1: New USB device strings: Mfr=0, Product=0, SerialNumber=0
Jul  7 11:51:12 praveen-xps kernel: [    1.256480] hub 1-1:1.0: USB hub found
Jul  7 11:51:12 praveen-xps kernel: [    1.256552] hub 1-1:1.0: 6 ports detected
Jul  7 11:51:12 praveen-xps kernel: [    1.367279] usb 2-1: new high-speed USB device number 2 using ehci-pci
Jul  7 11:51:12 praveen-xps kernel: [    1.425995] r8169 Gigabit Ethernet driver 2.3LK-NAPI loaded
Jul  7 11:51:12 praveen-xps kernel: [    1.426215] r8169 0000:09:00.0: irq 46 for MSI/MSI-X
Jul  7 11:51:12 praveen-xps kernel: [    1.426416] r8169 0000:09:00.0 eth0: RTL8168e/8111e at 0xf8430000, f0:4d:a2:63:8a:2f, XID 0c200000 IRQ 46
Jul  7 11:51:12 praveen-xps kernel: [    1.426419] r8169 0000:09:00.0 eth0: jumbo features [frames: 9200 bytes, tx checksumming: ko]
Jul  7 11:51:12 praveen-xps kernel: [    1.431978] Disabling lock debugging due to kernel taint
Jul  7 11:51:12 praveen-xps kernel: [    1.433140] ahci 0000:00:1f.2: version 3.0
Jul  7 11:51:12 praveen-xps kernel: [    1.433385] ahci 0000:00:1f.2: irq 47 for MSI/MSI-X
Jul  7 11:51:12 praveen-xps kernel: [    1.433433] ahci: SSS flag set, parallel bus scan disabled
Jul  7 11:51:12 praveen-xps kernel: [    1.433479] ahci 0000:00:1f.2: AHCI 0001.0300 32 slots 6 ports 3 Gbps 0x13 impl SATA mode
Jul  7 11:51:12 praveen-xps kernel: [    1.433483] ahci 0000:00:1f.2: flags: 64bit ncq sntf ilck stag pm led clo pio slum part ems sxs apst 
Jul  7 11:51:12 praveen-xps kernel: [    1.433489] ahci 0000:00:1f.2: setting latency timer to 64
Jul  7 11:51:12 praveen-xps kernel: [    1.447620] scsi0 : ahci
Jul  7 11:51:12 praveen-xps kernel: [    1.447760] scsi1 : ahci
Jul  7 11:51:12 praveen-xps kernel: [    1.447880] scsi2 : ahci
Jul  7 11:51:12 praveen-xps kernel: [    1.448000] scsi3 : ahci
Jul  7 11:51:12 praveen-xps kernel: [    1.448121] scsi4 : ahci
Jul  7 11:51:12 praveen-xps kernel: [    1.448241] scsi5 : ahci
Jul  7 11:51:12 praveen-xps kernel: [    1.448294] ata1: SATA max UDMA/133 abar m2048@0xf0906000 port 0xf0906100 irq 47
Jul  7 11:51:12 praveen-xps kernel: [    1.448299] ata2: SATA max UDMA/133 abar m2048@0xf0906000 port 0xf0906180 irq 47
Jul  7 11:51:12 praveen-xps kernel: [    1.448300] ata3: DUMMY
Jul  7 11:51:12 praveen-xps kernel: [    1.448303] ata4: DUMMY
Jul  7 11:51:12 praveen-xps kernel: [    1.448308] ata5: SATA max UDMA/133 abar m2048@0xf0906000 port 0xf0906300 irq 47
Jul  7 11:51:12 praveen-xps kernel: [    1.448311] ata6: DUMMY
Jul  7 11:51:12 praveen-xps kernel: [    1.499627] usb 2-1: New USB device found, idVendor=8087, idProduct=0020
Jul  7 11:51:12 praveen-xps kernel: [    1.499632] usb 2-1: New USB device strings: Mfr=0, Product=0, SerialNumber=0
Jul  7 11:51:12 praveen-xps kernel: [    1.500093] hub 2-1:1.0: USB hub found
Jul  7 11:51:12 praveen-xps kernel: [    1.500258] hub 2-1:1.0: 8 ports detected
Jul  7 11:51:12 praveen-xps kernel: [    1.558812] tsc: Refined TSC clocksource calibration: 2660.000 MHz
Jul  7 11:51:12 praveen-xps kernel: [    1.558820] Switching to clocksource tsc
Jul  7 11:51:12 praveen-xps kernel: [    1.570958] usb 1-1.4: new high-speed USB device number 3 using ehci-pci
Jul  7 11:51:12 praveen-xps kernel: [    1.664606] usb 1-1.4: New USB device found, idVendor=0408, idProduct=2fb1
Jul  7 11:51:12 praveen-xps kernel: [    1.664612] usb 1-1.4: New USB device strings: Mfr=3, Product=2, SerialNumber=0
Jul  7 11:51:12 praveen-xps kernel: [    1.664617] usb 1-1.4: Product: Laptop_Integrated_Webcam_2HDM
Jul  7 11:51:12 praveen-xps kernel: [    1.664621] usb 1-1.4: Manufacturer: CN07CN2C786640C80DBAA00
Jul  7 11:51:12 praveen-xps kernel: [    1.766294] ata1: SATA link up 3.0 Gbps (SStatus 123 SControl 300)
Jul  7 11:51:12 praveen-xps kernel: [    1.803645] ata1.00: ATA-8: ST9500420AS, D005SDM1, max UDMA/133
Jul  7 11:51:12 praveen-xps kernel: [    1.803651] ata1.00: 976773168 sectors, multi 16: LBA48 NCQ (depth 31/32)
Jul  7 11:51:12 praveen-xps kernel: [    1.805981] ata1.00: configured for UDMA/133
Jul  7 11:51:12 praveen-xps kernel: [    1.806390] scsi 0:0:0:0: Direct-Access     ATA      ST9500420AS      D005 PQ: 0 ANSI: 5
Jul  7 11:51:12 praveen-xps kernel: [    1.806564] sd 0:0:0:0: [sda] 976773168 512-byte logical blocks: (500 GB/465 GiB)
Jul  7 11:51:12 praveen-xps kernel: [    1.806602] sd 0:0:0:0: Attached scsi generic sg0 type 0
Jul  7 11:51:12 praveen-xps kernel: [    1.806605] sd 0:0:0:0: [sda] Write Protect is off
Jul  7 11:51:12 praveen-xps kernel: [    1.806608] sd 0:0:0:0: [sda] Mode Sense: 00 3a 00 00
Jul  7 11:51:12 praveen-xps kernel: [    1.806626] sd 0:0:0:0: [sda] Write cache: enabled, read cache: enabled, doesn't support DPO or FUA
Jul  7 11:51:12 praveen-xps kernel: [    1.845551]  sda: sda1 sda2 < sda5 >
Jul  7 11:51:12 praveen-xps kernel: [    1.845931] sd 0:0:0:0: [sda] Attached SCSI disk
Jul  7 11:51:12 praveen-xps kernel: [    2.125329] ata2: SATA link up 1.5 Gbps (SStatus 113 SControl 300)
Jul  7 11:51:12 praveen-xps kernel: [    2.136617] ata2.00: ATAPI: TSSTcorp DVD+/-RW TS-L633J, D200, max UDMA/100
Jul  7 11:51:12 praveen-xps kernel: [    2.146920] ata2.00: configured for UDMA/100
Jul  7 11:51:12 praveen-xps kernel: [    2.152499] scsi 1:0:0:0: CD-ROM            TSSTcorp DVD+-RW TS-L633J D200 PQ: 0 ANSI: 5
Jul  7 11:51:12 praveen-xps kernel: [    2.159667] sr0: scsi3-mmc drive: 24x/24x writer dvd-ram cd/rw xa/form2 cdda tray
Jul  7 11:51:12 praveen-xps kernel: [    2.159672] cdrom: Uniform CD-ROM driver Revision: 3.20
Jul  7 11:51:12 praveen-xps kernel: [    2.159852] sr 1:0:0:0: Attached scsi CD-ROM sr0
Jul  7 11:51:12 praveen-xps kernel: [    2.159929] sr 1:0:0:0: Attached scsi generic sg1 type 5
Jul  7 11:51:12 praveen-xps kernel: [    2.476446] ata5: SATA link down (SStatus 0 SControl 300)
Jul  7 11:51:12 praveen-xps kernel: [    3.510401] EXT4-fs (sda1): INFO: recovery required on readonly filesystem
Jul  7 11:51:12 praveen-xps kernel: [    3.510405] EXT4-fs (sda1): write access will be enabled during recovery
Jul  7 11:51:12 praveen-xps kernel: [    5.427519] EXT4-fs (sda1): orphan cleanup on readonly fs
Jul  7 11:51:12 praveen-xps kernel: [    5.658860] EXT4-fs (sda1): ext4_orphan_cleanup: deleting unreferenced inode 13632296
Jul  7 11:51:12 praveen-xps kernel: [    5.679201] EXT4-fs (sda1): ext4_orphan_cleanup: deleting unreferenced inode 13639880
Jul  7 11:51:12 praveen-xps kernel: [    5.679669] EXT4-fs (sda1): ext4_orphan_cleanup: deleting unreferenced inode 13634880
Jul  7 11:51:12 praveen-xps kernel: [    5.680127] EXT4-fs (sda1): ext4_orphan_cleanup: deleting unreferenced inode 13639882
Jul  7 11:51:12 praveen-xps kernel: [    5.692070] EXT4-fs (sda1): ext4_orphan_cleanup: deleting unreferenced inode 13634859
Jul  7 11:51:12 praveen-xps kernel: [    5.736413] EXT4-fs (sda1): ext4_orphan_cleanup: deleting unreferenced inode 11535006
Jul  7 11:51:12 praveen-xps kernel: [    5.751402] EXT4-fs (sda1): ext4_orphan_cleanup: deleting unreferenced inode 13639878
Jul  7 11:51:12 praveen-xps kernel: [    5.781650] EXT4-fs (sda1): ext4_orphan_cleanup: deleting unreferenced inode 6692426
Jul  7 11:51:12 praveen-xps kernel: [    5.828112] EXT4-fs (sda1): ext4_orphan_cleanup: deleting unreferenced inode 6684730
Jul  7 11:51:12 praveen-xps kernel: [    5.873991] EXT4-fs (sda1): ext4_orphan_cleanup: deleting unreferenced inode 11535011
Jul  7 11:51:12 praveen-xps kernel: [    5.874005] EXT4-fs (sda1): ext4_orphan_cleanup: deleting unreferenced inode 11535010
Jul  7 11:51:12 praveen-xps kernel: [    5.874015] EXT4-fs (sda1): ext4_orphan_cleanup: deleting unreferenced inode 6553628
Jul  7 11:51:12 praveen-xps kernel: [    5.874021] EXT4-fs (sda1): ext4_orphan_cleanup: deleting unreferenced inode 6553627
Jul  7 11:51:12 praveen-xps kernel: [    5.950159] EXT4-fs (sda1): ext4_orphan_cleanup: deleting unreferenced inode 16401801
Jul  7 11:51:12 praveen-xps kernel: [    5.970955] EXT4-fs (sda1): ext4_orphan_cleanup: deleting unreferenced inode 6553630
Jul  7 11:51:12 praveen-xps kernel: [    5.970975] EXT4-fs (sda1): ext4_orphan_cleanup: deleting unreferenced inode 6553626
Jul  7 11:51:12 praveen-xps kernel: [    5.971003] EXT4-fs (sda1): ext4_orphan_cleanup: deleting unreferenced inode 6553619
Jul  7 11:51:12 praveen-xps kernel: [    5.971031] EXT4-fs (sda1): ext4_orphan_cleanup: deleting unreferenced inode 13634694
Jul  7 11:51:12 praveen-xps kernel: [    5.971486] EXT4-fs (sda1): ext4_orphan_cleanup: deleting unreferenced inode 6553616
Jul  7 11:51:12 praveen-xps kernel: [    5.971867] EXT4-fs (sda1): ext4_orphan_cleanup: deleting unreferenced inode 6553615
Jul  7 11:51:12 praveen-xps kernel: [    5.971892] EXT4-fs (sda1): ext4_orphan_cleanup: deleting unreferenced inode 6553614
Jul  7 11:51:12 praveen-xps kernel: [    5.989872] EXT4-fs (sda1): ext4_orphan_cleanup: deleting unreferenced inode 6553613
Jul  7 11:51:12 praveen-xps kernel: [    5.989888] EXT4-fs (sda1): ext4_orphan_cleanup: deleting unreferenced inode 6553612
Jul  7 11:51:12 praveen-xps kernel: [    5.989901] EXT4-fs (sda1): ext4_orphan_cleanup: deleting unreferenced inode 6553610
Jul  7 11:51:12 praveen-xps kernel: [    5.989909] EXT4-fs (sda1): ext4_orphan_cleanup: deleting unreferenced inode 13634575
Jul  7 11:51:12 praveen-xps kernel: [    5.989923] EXT4-fs (sda1): ext4_orphan_cleanup: deleting unreferenced inode 13634782
Jul  7 11:51:12 praveen-xps kernel: [    6.007693] EXT4-fs (sda1): 26 orphan inodes deleted
Jul  7 11:51:12 praveen-xps kernel: [    6.007697] EXT4-fs (sda1): recovery complete
Jul  7 11:51:12 praveen-xps kernel: [    6.322096] EXT4-fs (sda1): mounted filesystem with ordered data mode. Opts: (null)
Jul  7 11:51:12 praveen-xps kernel: [   18.477122] Adding 3918844k swap on /dev/sda5.  Priority:-1 extents:1 across:3918844k 
Jul  7 11:51:12 praveen-xps kernel: [   18.581808] IPv6: ADDRCONF(NETDEV_UP): eth0: link is not ready
Jul  7 11:51:12 praveen-xps kernel: [   18.839727] lp: driver loaded but no devices found
Jul  7 11:51:12 praveen-xps kernel: [   18.840468] ACPI Warning: 0x00000428-0x0000042f SystemIO conflicts with Region \PMIO 1 (20121018/utaddress-251)
Jul  7 11:51:12 praveen-xps kernel: [   18.840475] ACPI: If an ACPI driver is available for this device, you should use it instead of the native driver
Jul  7 11:51:12 praveen-xps kernel: [   18.840479] ACPI Warning: 0x000011c0-0x000011cf SystemIO conflicts with Region \GPIO 1 (20121018/utaddress-251)
Jul  7 11:51:12 praveen-xps kernel: [   18.840482] ACPI Warning: 0x000011c0-0x000011cf SystemIO conflicts with Region \GPIN 2 (20121018/utaddress-251)
Jul  7 11:51:12 praveen-xps kernel: [   18.840486] ACPI Warning: 0x000011c0-0x000011cf SystemIO conflicts with Region \_SB_.PCI0.P0P2.PEGP.GPIO 3 (20121018/utaddress-251)
Jul  7 11:51:12 praveen-xps kernel: [   18.840489] ACPI: If an ACPI driver is available for this device, you should use it instead of the native driver
Jul  7 11:51:12 praveen-xps kernel: [   18.840490] ACPI Warning: 0x000011b0-0x000011bf SystemIO conflicts with Region \GPIO 1 (20121018/utaddress-251)
